Component: ARM Compiler 5.06 update 6 (build 750) Tool: armlink [4d35ed]

==============================================================================

Section Cross References

    startup_stm32f427xx.o(STACK) refers (Special) to heapauxi.o(.text) for __use_two_region_memory
    startup_stm32f427xx.o(HEAP) refers (Special) to heapauxi.o(.text) for __use_two_region_memory
    startup_stm32f427xx.o(RESET) refers (Special) to heapauxi.o(.text) for __use_two_region_memory
    startup_stm32f427xx.o(RESET) refers to startup_stm32f427xx.o(STACK) for __initial_sp
    startup_stm32f427xx.o(RESET) refers to startup_stm32f427xx.o(.text) for Reset_Handler
    startup_stm32f427xx.o(RESET) refers to stm32f4xx_it.o(i.NMI_Handler) for NMI_Handler
    startup_stm32f427xx.o(RESET) refers to stm32f4xx_it.o(i.HardFault_Handler) for HardFault_Handler
    startup_stm32f427xx.o(RESET) refers to stm32f4xx_it.o(i.MemManage_Handler) for MemManage_Handler
    startup_stm32f427xx.o(RESET) refers to stm32f4xx_it.o(i.BusFault_Handler) for BusFault_Handler
    startup_stm32f427xx.o(RESET) refers to stm32f4xx_it.o(i.UsageFault_Handler) for UsageFault_Handler
    startup_stm32f427xx.o(RESET) refers to stm32f4xx_it.o(i.SVC_Handler) for SVC_Handler
    startup_stm32f427xx.o(RESET) refers to stm32f4xx_it.o(i.DebugMon_Handler) for DebugMon_Handler
    startup_stm32f427xx.o(RESET) refers to stm32f4xx_it.o(i.PendSV_Handler) for PendSV_Handler
    startup_stm32f427xx.o(RESET) refers to stm32f4xx_it.o(i.SysTick_Handler) for SysTick_Handler
    startup_stm32f427xx.o(RESET) refers to stm32f4xx_it.o(i.CAN1_RX0_IRQHandler) for CAN1_RX0_IRQHandler
    startup_stm32f427xx.o(RESET) refers to stm32f4xx_it.o(i.TIM2_IRQHandler) for TIM2_IRQHandler
    startup_stm32f427xx.o(RESET) refers to stm32f4xx_it.o(i.USART6_IRQHandler) for USART6_IRQHandler
    startup_stm32f427xx.o(RESET) refers to stm32f4xx_it.o(i.UART7_IRQHandler) for UART7_IRQHandler
    startup_stm32f427xx.o(.text) refers (Special) to heapauxi.o(.text) for __use_two_region_memory
    startup_stm32f427xx.o(.text) refers to system_stm32f4xx.o(i.SystemInit) for SystemInit
    startup_stm32f427xx.o(.text) refers to __main.o(!!!main) for __main
    startup_stm32f427xx.o(.text) refers to startup_stm32f427xx.o(HEAP) for Heap_Mem
    startup_stm32f427xx.o(.text) refers to startup_stm32f427xx.o(STACK) for Stack_Mem
    main.o(i.SystemClock_Config) refers to rt_memclr_w.o(.text) for __aeabi_memclr4
    main.o(i.SystemClock_Config) refers to stm32f4xx_hal_rcc.o(i.HAL_RCC_OscConfig) for HAL_RCC_OscConfig
    main.o(i.SystemClock_Config) refers to main.o(i.Error_Handler) for Error_Handler
    main.o(i.SystemClock_Config) refers to stm32f4xx_hal_rcc.o(i.HAL_RCC_ClockConfig) for HAL_RCC_ClockConfig
    main.o(i.main) refers to stm32f4xx_hal.o(i.HAL_Init) for HAL_Init
    main.o(i.main) refers to main.o(i.SystemClock_Config) for SystemClock_Config
    main.o(i.main) refers to gpio.o(i.MX_GPIO_Init) for MX_GPIO_Init
    main.o(i.main) refers to can.o(i.MX_CAN1_Init) for MX_CAN1_Init
    main.o(i.main) refers to can.o(i.MX_CAN2_Init) for MX_CAN2_Init
    main.o(i.main) refers to usart.o(i.MX_USART6_UART_Init) for MX_USART6_UART_Init
    main.o(i.main) refers to tim.o(i.MX_TIM2_Init) for MX_TIM2_Init
    main.o(i.main) refers to usart.o(i.MX_UART7_Init) for MX_UART7_Init
    main.o(i.main) refers to bsp_can.o(i.can_filter_init) for can_filter_init
    main.o(i.main) refers to stm32f4xx_hal_uart.o(i.HAL_UART_Receive_IT) for HAL_UART_Receive_IT
    main.o(i.main) refers to stm32f4xx_hal_tim.o(i.HAL_TIM_Base_Start_IT) for HAL_TIM_Base_Start_IT
    main.o(i.main) refers to pid.o(i.speed_pid_init) for speed_pid_init
    main.o(i.main) refers to pid.o(i.set_speed_pid) for set_speed_pid
    main.o(i.main) refers to pid.o(i.angle_controller_init) for angle_controller_init
    main.o(i.main) refers to pid.o(i.set_angle_pid) for set_angle_pid
    main.o(i.main) refers to mecanum_control.o(i.mecanum_init) for mecanum_init
    main.o(i.main) refers to stp_23l.o(i.STP23L_Init) for STP23L_Init
    main.o(i.main) refers to stm32f4xx_hal.o(i.HAL_Delay) for HAL_Delay
    main.o(i.main) refers to hwt101.o(i.hwt101_restart) for hwt101_restart
    main.o(i.main) refers to mecanum_control.o(i.set_target_move_to_target) for set_target_move_to_target
    main.o(i.main) refers to mecanum_control.o(i.move_x) for move_x
    main.o(i.main) refers to mecanum_control.o(i.move_y) for move_y
    main.o(i.main) refers to mecanum_control.o(i.move_angle) for move_angle
    main.o(i.main) refers to stm32f4xx_it.o(.data) for g_usart7_receivedata
    main.o(i.main) refers to usart.o(.bss) for huart7
    main.o(i.main) refers to tim.o(.bss) for htim2
    main.o(i.main) refers to pid.o(.bss) for speed_pid
    main.o(i.main) refers to mecanum_control.o(.bss) for mecanum
    main.o(i.main) refers to main.o(.data) for t1
    main.o(i.main) refers to mecanum_control.o(i.set_target_move_to_target_up) for set_target_move_to_target_up
[...]
    i.CAN_cmd_chassis                        0x08000474   Section        0  can_receive.o(i.CAN_cmd_chassis)
    i.DebugMon_Handler                       0x080004c4   Section        0  stm32f4xx_it.o(i.DebugMon_Handler)
    i.Error_Handler                          0x080004c6   Section        0  main.o(i.Error_Handler)
    i.HAL_CAN_ActivateNotification           0x080004cc   Section        0  stm32f4xx_hal_can.o(i.HAL_CAN_ActivateNotification)
    i.HAL_CAN_AddTxMessage                   0x080004f6   Section        0  stm32f4xx_hal_can.o(i.HAL_CAN_AddTxMessage)
    i.HAL_CAN_ConfigFilter                   0x08000640   Section        0  stm32f4xx_hal_can.o(i.HAL_CAN_ConfigFilter)
    i.HAL_CAN_ErrorCallback                  0x08000760   Section        0  stm32f4xx_hal_can.o(i.HAL_CAN_ErrorCallback)
    i.HAL_CAN_GetRxMessage                   0x08000762   Section        0  stm32f4xx_hal_can.o(i.HAL_CAN_GetRxMessage)
    i.HAL_CAN_IRQHandler                     0x080008f6   Section        0  stm32f4xx_hal_can.o(i.HAL_CAN_IRQHandler)
    i.HAL_CAN_Init                           0x08000b44   Section        0  stm32f4xx_hal_can.o(i.HAL_CAN_Init)
    i.HAL_CAN_MspInit                        0x08000cb8   Section        0  can.o(i.HAL_CAN_MspInit)
    i.HAL_CAN_RxFifo0FullCallback            0x08000e0c   Section        0  stm32f4xx_hal_can.o(i.HAL_CAN_RxFifo0FullCallback)
    i.HAL_CAN_RxFifo0MsgPendingCallback      0x08000e10   Section        0  can_receive.o(i.HAL_CAN_RxFifo0MsgPendingCallback)
    i.HAL_CAN_RxFifo1FullCallback            0x08000ef8   Section        0  stm32f4xx_hal_can.o(i.HAL_CAN_RxFifo1FullCallback)
    i.HAL_CAN_RxFifo1MsgPendingCallback      0x08000efa   Section        0  stm32f4xx_hal_can.o(i.HAL_CAN_RxFifo1MsgPendingCallback)
    i.HAL_CAN_SleepCallback                  0x08000efc   Section        0  stm32f4xx_hal_can.o(i.HAL_CAN_SleepCallback)
    i.HAL_CAN_Start                          0x08000efe   Section        0  stm32f4xx_hal_can.o(i.HAL_CAN_Start)
    i.HAL_CAN_TxMailbox0AbortCallback        0x08000f5c   Section        0  stm32f4xx_hal_can.o(i.HAL_CAN_TxMailbox0AbortCallback)
    i.HAL_CAN_TxMailbox0CompleteCallback     0x08000f5e   Section        0  stm32f4xx_hal_can.o(i.HAL_CAN_TxMailbox0CompleteCallback)
    i.HAL_CAN_TxMailbox1AbortCallback        0x08000f60   Section        0  stm32f4xx_hal_can.o(i.HAL_CAN_TxMailbox1AbortCallback)
    i.HAL_CAN_TxMailbox1CompleteCallback     0x08000f62   Section        0  stm32f4xx_hal_can.o(i.HAL_CAN_TxMailbox1CompleteCallback)
    i.HAL_CAN_TxMailbox2AbortCallback        0x08000f64   Section        0  stm32f4xx_hal_can.o(i.HAL_CAN_TxMailbox2AbortCallback)
    i.HAL_CAN_TxMailbox2CompleteCallback     0x08000f66   Section        0  stm32f4xx_hal_can.o(i.HAL_CAN_TxMailbox2CompleteCallback)
    i.HAL_CAN_WakeUpFromRxMsgCallback        0x08000f68   Section        0  stm32f4xx_hal_can.o(i.HAL_CAN_WakeUpFromRxMsgCallback)
    i.HAL_DMA_Abort                          0x08000f6a   Section        0  stm32f4xx_hal_dma.o(i.HAL_DMA_Abort)
    i.HAL_DMA_Abort_IT                       0x08001016   Section        0  stm32f4xx_hal_dma.o(i.HAL_DMA_Abort_IT)
    i.HAL_Delay                              0x08001040   Section        0  stm32f4xx_hal.o(i.HAL_Delay)
    i.HAL_GPIO_Init                          0x08001068   Section        0  stm32f4xx_hal_gpio.o(i.HAL_GPIO_Init)
    i.HAL_GPIO_ReadPin                       0x08001278   Section        0  stm32f4xx_hal_gpio.o(i.HAL_GPIO_ReadPin)
    i.HAL_GetTick                            0x08001288   Section        0  stm32f4xx_hal.o(i.HAL_GetTick)
    i.HAL_IncTick                            0x08001294   Section        0  stm32f4xx_hal.o(i.HAL_IncTick)
    i.HAL_Init                               0x080012ac   Section        0  stm32f4xx_hal.o(i.HAL_Init)
    i.HAL_InitTick                           0x080012e8   Section        0  stm32f4xx_hal.o(i.HAL_InitTick)
    i.HAL_MspInit                            0x08001334   Section        0  stm32f4xx_hal_msp.o(i.HAL_MspInit)
    i.HAL_NVIC_EnableIRQ                     0x0800137c   Section        0  stm32f4xx_hal_cortex.o(i.HAL_NVIC_EnableIRQ)
    i.HAL_NVIC_SetPriority                   0x080013a4   Section        0  stm32f4xx_hal_cortex.o(i.HAL_NVIC_SetPriority)
    i.HAL_NVIC_SetPriorityGrouping           0x08001420   Section        0  stm32f4xx_hal_cortex.o(i.HAL_NVIC_SetPriorityGrouping)
    i.HAL_RCC_ClockConfig                    0x08001448   Section        0  stm32f4xx_hal_rcc.o(i.HAL_RCC_ClockConfig)
    i.HAL_RCC_GetHCLKFreq                    0x080015cc   Section        0  stm32f4xx_hal_rcc.o(i.HAL_RCC_GetHCLKFreq)
    i.HAL_RCC_GetPCLK1Freq                   0x080015d8   Section        0  stm32f4xx_hal_rcc.o(i.HAL_RCC_GetPCLK1Freq)
    i.HAL_RCC_GetPCLK2Freq                   0x080015f8   Section        0  stm32f4xx_hal_rcc.o(i.HAL_RCC_GetPCLK2Freq)
    i.HAL_RCC_GetSysClockFreq                0x08001618   Section        0  stm32f4xx_hal_rcc.o(i.HAL_RCC_GetSysClockFreq)
    i.HAL_RCC_OscConfig                      0x080016c8   Section        0  stm32f4xx_hal_rcc.o(i.HAL_RCC_OscConfig)
    i.HAL_SYSTICK_Config                     0x08001b64   Section        0  stm32f4xx_hal_cortex.o(i.HAL_SYSTICK_Config)
    i.HAL_TIMEx_BreakCallback                0x08001b98   Section        0  stm32f4xx_hal_tim_ex.o(i.HAL_TIMEx_BreakCallback)
    i.HAL_TIMEx_CommutCallback               0x08001b9a   Section        0  stm32f4xx_hal_tim_ex.o(i.HAL_TIMEx_CommutCallback)
    i.HAL_TIMEx_MasterConfigSynchronization  0x08001b9c   Section        0  stm32f4xx_hal_tim_ex.o(i.HAL_TIMEx_MasterConfigSynchronization)
    i.HAL_TIM_Base_Init                      0x08001c50   Section        0  stm32f4xx_hal_tim.o(i.HAL_TIM_Base_Init)
    i.HAL_TIM_Base_MspInit                   0x08001cb8   Section        0  tim.o(i.HAL_TIM_Base_MspInit)
    i.HAL_TIM_Base_Start_IT                  0x08001cfc   Section        0  stm32f4xx_hal_tim.o(i.HAL_TIM_Base_Start_IT)
    i.HAL_TIM_ConfigClockSource              0x08001da4   Section        0  stm32f4xx_hal_tim.o(i.HAL_TIM_ConfigClockSource)
    i.HAL_TIM_IC_CaptureCallback             0x08001eb0   Section        0  stm32f4xx_hal_tim.o(i.HAL_TIM_IC_CaptureCallback)
    i.HAL_TIM_IRQHandler                     0x08001eb2   Section        0  stm32f4xx_hal_tim.o(i.HAL_TIM_IRQHandler)
    i.HAL_TIM_OC_DelayElapsedCallback        0x0800201e   Section        0  stm32f4xx_hal_tim.o(i.HAL_TIM_OC_DelayElapsedCallback)
    i.HAL_TIM_PWM_PulseFinishedCallback      0x08002020   Section        0  stm32f4xx_hal_tim.o(i.HAL_TIM_PWM_PulseFinishedCallback)
    i.HAL_TIM_PeriodElapsedCallback          0x08002024   Section        0  stm32f4xx_it.o(i.HAL_TIM_PeriodElapsedCallback)
    i.HAL_TIM_TriggerCallback                0x080020d0   Section        0  stm32f4xx_hal_tim.o(i.HAL_TIM_TriggerCallback)
    i.HAL_UARTEx_RxEventCallback             0x080020d2   Section        0  stm32f4xx_hal_uart.o(i.HAL_UARTEx_RxEventCallback)
    i.HAL_UART_ErrorCallback                 0x080020d4   Section        0  stm32f4xx_hal_uart.o(i.HAL_UART_ErrorCallback)
    i.HAL_UART_IRQHandler                    0x080020d8   Section        0  stm32f4xx_hal_uart.o(i.HAL_UART_IRQHandler)
    i.HAL_UART_Init                          0x080023e0   Section        0  stm32f4xx_hal_uart.o(i.HAL_UART_Init)
    i.HAL_UART_MspInit                       0x08002458   Section        0  usart.o(i.HAL_UART_MspInit)
    i.HAL_UART_Receive_IT                    0x08002578   Section        0  stm32f4xx_hal_uart.o(i.HAL_UART_Receive_IT)
    i.HAL_UART_RxCpltCallback                0x080025a4   Section        0  stm32f4xx_it.o(i.HAL_UART_RxCpltCallback)
    i.HAL_UART_Transmit                      0x080025ec   Section        0  stm32f4xx_hal_uart.o(i.HAL_UART_Transmit)
    i.HAL_UART_TxCpltCallback                0x080026aa   Section        0  stm32f4xx_hal_uart.o(i.HAL_UART_TxCpltCallback)
    i.HardFault_Handler                      0x080026ac   Section        0  stm32f4xx_it.o(i.HardFault_Handler)
    i.MX_CAN1_Init                           0x080026b0   Section        0  can.o(i.MX_CAN1_Init)
    i.MX_CAN2_Init                           0x080026f4   Section        0  can.o(i.MX_CAN2_Init)
    i.MX_GPIO_Init                           0x08002738   Section        0  gpio.o(i.MX_GPIO_Init)
    i.MX_TIM2_Init                           0x0800281c   Section        0  tim.o(i.MX_TIM2_Init)
    i.MX_UART7_Init                          0x08002888   Section        0  usart.o(i.MX_UART7_Init)
    i.MX_USART6_UART_Init                    0x080028c0   Section        0  usart.o(i.MX_USART6_UART_Init)
    i.MemManage_Handler                      0x080028f8   Section        0  stm32f4xx_it.o(i.MemManage_Handler)
    i.NMI_Handler                            0x080028fc   Section        0  stm32f4xx_it.o(i.NMI_Handler)
    i.PendSV_Handler                         0x08002900   Section        0  stm32f4xx_it.o(i.PendSV_Handler)
    i.STP23L_Init                            0x08002904   Section        0  stp_23l.o(i.STP23L_Init)
    i.STP23L_RxCallback                      0x08002928   Section        0  stp_23l.o(i.STP23L_RxCallback)
    i.SVC_Handler                            0x08002d00   Section        0  stm32f4xx_it.o(i.SVC_Handler)
    i.SysTick_Handler                        0x08002d02   Section        0  stm32f4xx_it.o(i.SysTick_Handler)
    i.SystemClock_Config                     0x08002d0c   Section        0  main.o(i.SystemClock_Config)
    i.SystemInit                             0x08002dc0   Section        0  system_stm32f4xx.o(i.SystemInit)
    i.TIM2_IRQHandler                        0x08002dd4   Section        0  stm32f4xx_it.o(i.TIM2_IRQHandler)
    i.TIM_Base_SetConfig                     0x08002de4   Section        0  stm32f4xx_hal_tim.o(i.TIM_Base_SetConfig)
    i.TIM_ETR_SetConfig                      0x08002ec4   Section        0  stm32f4xx_hal_tim.o(i.TIM_ETR_SetConfig)
    i.TIM_ITRx_SetConfig                     0x08002eda   Section        0  stm32f4xx_hal_tim.o(i.TIM_ITRx_SetConfig)
    TIM_ITRx_SetConfig                       0x08002edb   Thumb Code    18  stm32f4xx_hal_tim.o(i.TIM_ITRx_SetConfig)
    i.TIM_TI1_ConfigInputStage               0x08002eec   Section        0  stm32f4xx_hal_tim.o(i.TIM_TI1_ConfigInputStage)
    TIM_TI1_ConfigInputStage                 0x08002eed   Thumb Code    38  stm32f4xx_hal_tim.o(i.TIM_TI1_ConfigInputStage)
    i.TIM_TI2_ConfigInputStage               0x08002f12   Section        0  stm32f4xx_hal_tim.o(i.TIM_TI2_ConfigInputStage)
    TIM_TI2_ConfigInputStage                 0x08002f13   Thumb Code    40  stm32f4xx_hal_tim.o(i.TIM_TI2_ConfigInputStage)
    i.UART7_IRQHandler                       0x08002f3c   Section        0  stm32f4xx_it.o(i.UART7_IRQHandler)
    i.UART_DMAAbortOnError                   0x08002f4c   Section        0  stm32f4xx_hal_uart.o(i.UART_DMAAbortOnError)
    UART_DMAAbortOnError                     0x08002f4d   Thumb Code    18  stm32f4xx_hal_uart.o(i.UART_DMAAbortOnError)
    i.UART_EndRxTransfer                     0x08002f5e   Section        0  stm32f4xx_hal_uart.o(i.UART_EndRxTransfer)
    UART_EndRxTransfer                       0x08002f5f   Thumb Code   108  stm32f4xx_hal_uart.o(i.UART_EndRxTransfer)
    i.UART_EndTransmit_IT                    0x08002fca   Section        0  stm32f4xx_hal_uart.o(i.UART_EndTransmit_IT)
    UART_EndTransmit_IT                      0x08002fcb   Thumb Code    32  stm32f4xx_hal_uart.o(i.UART_EndTransmit_IT)
    i.UART_Receive_IT                        0x08002fea   Section        0  stm32f4xx_hal_uart.o(i.UART_Receive_IT)
    UART_Receive_IT                          0x08002feb   Thumb Code   252  stm32f4xx_hal_uart.o(i.UART_Receive_IT)
    i.UART_SetConfig                         0x080030e8   Section        0  stm32f4xx_hal_uart.o(i.UART_SetConfig)
    UART_SetConfig                           0x080030e9   Thumb Code   546  stm32f4xx_hal_uart.o(i.UART_SetConfig)
    i.UART_Start_Receive_IT                  0x08003314   Section        0  stm32f4xx_hal_uart.o(i.UART_Start_Receive_IT)
    i.UART_Transmit_IT                       0x08003354   Section        0  stm32f4xx_hal_uart.o(i.UART_Transmit_IT)
    UART_Transmit_IT                         0x08003355   Thumb Code    96  stm32f4xx_hal_uart.o(i.UART_Transmit_IT)
    i.UART_WaitOnFlagUntilTimeout            0x080033b4   Section        0  stm32f4xx_hal_uart.o(i.UART_WaitOnFlagUntilTimeout)
    UART_WaitOnFlagUntilTimeout              0x080033b5   Thumb Code   140  stm32f4xx_hal_uart.o(i.UART_WaitOnFlagUntilTimeout)
    i.USART6_IRQHandler                      0x08003440   Section        0  stm32f4xx_it.o(i.USART6_IRQHandler)
    i.UsageFault_Handler                     0x08003450   Section        0  stm32f4xx_it.o(i.UsageFault_Handler)
    i.__ARM_fpclassifyf                      0x08003454   Section        0  fpclassifyf.o(i.__ARM_fpclassifyf)
    i.__NVIC_GetPriorityGrouping             0x0800347c   Section        0  stm32f4xx_hal_cortex.o(i.__NVIC_GetPriorityGrouping)
    __NVIC_GetPriorityGrouping               0x0800347d   Thumb Code    10  stm32f4xx_hal_cortex.o(i.__NVIC_GetPriorityGrouping)
    i.__NVIC_SetPriority                     0x0800348c   Section        0  stm32f4xx_hal_cortex.o(i.__NVIC_SetPriority)
    __NVIC_SetPriority                       0x0800348d   Thumb Code    32  stm32f4xx_hal_cortex.o(i.__NVIC_SetPriority)
    i.__hardfp_cosf                          0x080034b4   Section        0  cosf.o(i.__hardfp_cosf)
    i.__hardfp_sinf                          0x08003604   Section        0  sinf.o(i.__hardfp_sinf)
    i.__hardfp_sqrtf                         0x08003794   Section        0  sqrtf.o(i.__hardfp_sqrtf)
    i.__mathlib_flt_infnan                   0x080037ce   Section        0  funder.o(i.__mathlib_flt_infnan)
    i.__mathlib_flt_invalid                  0x080037d4   Section        0  funder.o(i.__mathlib_flt_invalid)
    i.__mathlib_flt_underflow                0x080037e4   Section        0  funder.o(i.__mathlib_flt_underflow)
    i.__mathlib_rredf2                       0x080037f4   Section        0  rredf.o(i.__mathlib_rredf2)
    i.angle_controller                       0x08003948   Section        0  pid.o(i.angle_controller)
    i.angle_controller_init                  0x08003a54   Section        0  pid.o(i.angle_controller_init)
    i.can_filter_init                        0x08003aa0   Section        0  bsp_can.o(i.can_filter_init)
    i.data_process                           0x08003afc   Section        0  stp_23l.o(i.data_process)
    data_process                             0x08003afd   Thumb Code    66  stp_23l.o(i.data_process)
    i.get_chassis_motor_measure_point        0x08003b4c   Section        0  can_receive.o(i.get_chassis_motor_measure_point)
    i.hwt101_ReceiveData                     0x08003b64   Section        0  hwt101.o(i.hwt101_ReceiveData)
    i.hwt101_restart                         0x08003c3c   Section        0  hwt101.o(i.hwt101_restart)
    i.main                                   0x08003c88   Section        0  main.o(i.main)
    i.mecanum_calculate_wheel_speed          0x08004318   Section        0  mecanum_control.o(i.mecanum_calculate_wheel_speed)
    i.mecanum_ecd_distance                   0x08004364   Section        0  can_receive.o(i.mecanum_ecd_distance)
    i.mecanum_init                           0x08004490   Section        0  mecanum_control.o(i.mecanum_init)
    i.mecanum_stop                           0x08004508   Section        0  mecanum_control.o(i.mecanum_stop)
    i.move_angle                             0x08004538   Section        0  mecanum_control.o(i.move_angle)
    i.move_x                                 0x080046c4   Section        0  mecanum_control.o(i.move_x)
    i.move_y                                 0x08004808   Section        0  mecanum_control.o(i.move_y)
    i.set_angle_pid                          0x08004a10   Section        0  pid.o(i.set_angle_pid)
    i.set_error                              0x08004a28   Section        0  pid.o(i.set_error)
    i.set_speed_pid                          0x08004a7c   Section        0  pid.o(i.set_speed_pid)
    i.set_target_angle                       0x08004a98   Section        0  pid.o(i.set_target_angle)
    i.set_target_move_to_target              0x08004ae4   Section        0  mecanum_control.o(i.set_target_move_to_target)
    i.set_target_move_to_target_up           0x08004edc   Section        0  mecanum_control.o(i.set_target_move_to_target_up)
    i.set_yaw                                0x08005268   Section        0  hwt101.o(i.set_yaw)
    i.speed_pid_control                      0x0800529c   Section        0  pid.o(i.speed_pid_control)
    i.speed_pid_init                         0x080053c8   Section        0  pid.o(i.speed_pid_init)
    x$fpl$fpinit                             0x08005414   Section       10  fpinit.o(x$fpl$fpinit)
    $v0                                      0x08005414   Number         0  fpinit.o(x$fpl$fpinit)
    .constdata                               0x0800541e   Section       24  system_stm32f4xx.o(.constdata)
    x$fpl$usenofp                            0x0800541e   Section        0  usenofp.o(x$fpl$usenofp)
    .constdata                               0x08005438   Section       32  rredf.o(.constdata)
    twooverpi                                0x08005438   Data          32  rredf.o(.constdata)
    .data                                    0x20000000   Section       16  main.o(.data)
    .data                                    0x20000010   Section        4  can.o(.data)
    HAL_RCC_CAN1_CLK_ENABLED                 0x20000010   Data           4  can.o(.data)
    .data                                    0x20000014   Section        2  stm32f4xx_it.o(.data)
    .data                                    0x20000018   Section        9  stm32f4xx_hal.o(.data)
    .data                                    0x20000024   Section        4  system_stm32f4xx.o(.data)
    .data                                    0x20000028   Section       29  can_receive.o(.data)
    gimbal_can_send_data                     0x20000034   Data           8  can_receive.o(.data)
    chassis_can_send_data                    0x2000003c   Data           8  can_receive.o(.data)
    i                                        0x20000044   Data           1  can_receive.o(.data)
    .data                                    0x20000048   Section        8  hwt101.o(.data)
    RxState                                  0x20000048   Data           1  hwt101.o(.data)
    RxIndex                                  0x20000049   Data           1  hwt101.o(.data)
    .data                                    0x20000050   Section      100  mecanum_control.o(.data)
    set                                      0x20000052   Data           1  mecanum_control.o(.data)
    set                                      0x20000053   Data           1  mecanum_control.o(.data)
    vx                                       0x20000054   Data           4  mecanum_control.o(.data)
    vy                                       0x20000058   Data           4  mecanum_control.o(.data)
    act_p                                    0x2000005c   Data           4  mecanum_control.o(.data)
    stop_p                                   0x20000060   Data           4  mecanum_control.o(.data)
    direction_x                              0x20000064   Data           4  mecanum_control.o(.data)
    direction_y                              0x20000068   Data           4  mecanum_control.o(.data)
    start_time                               0x2000006c   Data           4  mecanum_control.o(.data)
    act_distance                             0x20000070   Data           4  mecanum_control.o(.data)
    stop_distance                            0x20000074   Data           4  mecanum_control.o(.data)
    set                                      0x20000078   Data           1  mecanum_control.o(.data)
    vx                                       0x2000007c   Data           4  mecanum_control.o(.data)
    last_time                                0x20000080   Data           4  mecanum_control.o(.data)
    set                                      0x20000084   Data           1  mecanum_control.o(.data)
    last_time                                0x20000088   Data           4  mecanum_control.o(.data)
    jg_conter                                0x2000008c   Data           1  mecanum_control.o(.data)
    set                                      0x2000008d   Data           1  mecanum_control.o(.data)
    set                                      0x2000008e   Data           1  mecanum_control.o(.data)
    vx                                       0x20000090   Data           4  mecanum_control.o(.data)
    vy                                       0x20000094   Data           4  mecanum_control.o(.data)
    act_p                                    0x20000098   Data           4  mecanum_control.o(.data)
    stop_p                                   0x2000009c   Data           4  mecanum_control.o(.data)
    direction_x                              0x200000a0   Data           4  mecanum_control.o(.data)
    direction_y                              0x200000a4   Data           4  mecanum_control.o(.data)
    start_time                               0x200000a8   Data           4  mecanum_control.o(.data)
    act_distance                             0x200000ac   Data           4  mecanum_control.o(.data)
    stop_distance                            0x200000b0   Data           4  mecanum_control.o(.data)
    .data                                    0x200000b4   Section        9  stp_23l.o(.data)
    rx_state                                 0x200000b6   Data           1  stp_23l.o(.data)
    rx_crc                                   0x200000b7   Data           1  stp_23l.o(.data)
    rx_cnt                                   0x200000b8   Data           1  stp_23l.o(.data)
    pack_flag                                0x200000b9   Data           1  stp_23l.o(.data)
    data_len                                 0x200000ba   Data           2  stp_23l.o(.data)
    state_flag                               0x200000bc   Data           1  stp_23l.o(.data)
    .bss                                     0x200000c0   Section       12  main.o(.bss)
    .bss                                     0x200000cc   Section       80  can.o(.bss)
    .bss                                     0x2000011c   Section       72  tim.o(.bss)
    .bss                                     0x20000164   Section      144  usart.o(.bss)
    .bss                                     0x200001f4   Section      120  can_receive.o(.bss)
    motor_chassis                            0x200001f4   Data          70  can_receive.o(.bss)
    gimbal_tx_message                        0x2000023c   Data          24  can_receive.o(.bss)
    chassis_tx_message                       0x20000254   Data          24  can_receive.o(.bss)
    .bss                                     0x2000026c   Section       11  hwt101.o(.bss)
    RxBuffer                                 0x2000026c   Data          11  hwt101.o(.bss)
    .bss                                     0x20000278   Section      120  mecanum_control.o(.bss)
    .bss                                     0x200002f0   Section      884  pid.o(.bss)
    .bss                                     0x20000664   Section      240  stp_23l.o(.bss)
    pack_data                                0x20000664   Data         240  stp_23l.o(.bss)
    .bss                                     0x20000754   Section       96  libspace.o(.bss)
    HEAP                                     0x200007b8   Section      512  startup_stm32f427xx.o(HEAP)
    Heap_Mem                                 0x200007b8   Data         512  startup_stm32f427xx.o(HEAP)
    STACK                                    0x200009b8   Section     1024  startup_stm32f427xx.o(STACK)
    Stack_Mem                                0x200009b8   Data        1024  startup_stm32f427xx.o(STACK)
    __initial_sp                             0x20000db8   Data           0  startup_stm32f427xx.o(STACK)

    Global Symbols

    Symbol Name                              Value     Ov Type        Size  Object(Section)

    BuildAttributes$$THM_ISAv4$E$P$D$K$B$S$7EM$VFPi3$EXTD16$VFPS$VFMA$PE$A:L22UL41UL21$X:L11$S22US41US21$IEEE1$IW$USESV6$~STKCKD$USESV7$~SHL$OTIME$ROPI$IEEEX$EBA8$UX$STANDARDLIB$REQ8$PRES8$EABIv2 0x00000000   Number         0  anon$$obj.o ABSOLUTE
    __ARM_use_no_argv                        0x00000000   Number         0  main.o ABSOLUTE
    __ARM_exceptions_init                     - Undefined Weak Reference
    __alloca_initialize                       - Undefined Weak Reference
    __arm_preinit_                            - Undefined Weak Reference
    __cpp_initialize__aeabi_                  - Undefined Weak Reference
    __cxa_finalize                            - Undefined Weak Reference
    __rt_locale                               - Undefined Weak Reference
    __sigvec_lookup                           - Undefined Weak Reference
    _atexit_init                              - Undefined Weak Reference
    _call_atexit_fns                          - Undefined Weak Reference
    _clock_init                               - Undefined Weak Reference
    _fp_trap_init                             - Undefined Weak Reference
    _fp_trap_shutdown                         - Undefined Weak Reference
    _get_lc_collate                           - Undefined Weak Reference
    _get_lc_ctype                             - Undefined Weak Reference
    _get_lc_monetary                          - Undefined Weak Reference
    _get_lc_numeric                           - Undefined Weak Reference
    _get_lc_time                              - Undefined Weak Reference
    _getenv_init                              - Undefined Weak Reference
    _handle_redirection                       - Undefined Weak Reference
    _init_alloc                               - Undefined Weak Reference
    _init_user_alloc                          - Undefined Weak Reference
    _initio                                   - Undefined Weak Reference
    _rand_init                                - Undefined Weak Reference
    _signal_finish                            - Undefined Weak Reference
    _signal_init                              - Undefined Weak Reference
    _terminate_alloc                          - Undefined Weak Reference
    _terminate_user_alloc                     - Undefined Weak Reference
    _terminateio                              - Undefined Weak Reference
    __Vectors_Size                           0x000001ac   Number         0  startup_stm32f427xx.o ABSOLUTE
    __Vectors                                0x08000000   Data           4  startup_stm32f427xx.o(RESET)
    __Vectors_End                            0x080001ac   Data           0  startup_stm32f427xx.o(RESET)
    __main                                   0x080001ad   Thumb Code     8  __main.o(!!!main)
    __scatterload                            0x080001b5   Thumb Code     0  __scatter.o(!!!scatter)
    __scatterload_rt2                        0x080001b5   Thumb Code    44  __scatter.o(!!!scatter)
    __scatterload_rt2_thumb_only             0x080001b5   Thumb Code     0  __scatter.o(!!!scatter)
    __scatterload_null                       0x080001c3   Thumb Code     0  __scatter.o(!!!scatter)
    __scatterload_copy                       0x080001e9   Thumb Code    26  __scatter_copy.o(!!handler_copy)
    __scatterload_zeroinit                   0x08000205   Thumb Code    28  __scatter_zi.o(!!handler_zi)
    __rt_lib_init                            0x08000221   Thumb Code     0  libinit.o(.ARM.Collect$$libinit$$00000000)
    __rt_lib_init_fp_1                       0x08000223   Thumb Code     0  libinit2.o(.ARM.Collect$$libinit$$00000001)
    __rt_lib_init_alloca_1                   0x08000227   Thumb Code     0  libinit2.o(.ARM.Collect$$libinit$$0000002E)
    __rt_lib_init_argv_1                     0x08000227   Thumb Code     0  libinit2.o(.ARM.Collect$$libinit$$0000002C)
    __rt_lib_init_atexit_1                   0x08000227   Thumb Code     0  libinit2.o(.ARM.Collect$$libinit$$0000001B)
    __rt_lib_init_clock_1                    0x08000227   Thumb Code     0  libinit2.o(.ARM.Collect$$libinit$$00000021)
    __rt_lib_init_cpp_1                      0x08000227   Thumb Code     0  libinit2.o(.ARM.Collect$$libinit$$00000032)
    __rt_lib_init_exceptions_1               0x08000227   Thumb Code     0  libinit2.o(.ARM.Collect$$libinit$$00000030)
    __rt_lib_init_fp_trap_1                  0x08000227   Thumb Code     0  libinit2.o(.ARM.Collect$$libinit$$0000001F)
    __rt_lib_init_getenv_1                   0x08000227   Thumb Code     0  libinit2.o(.ARM.Collect$$libinit$$00000023)
    __rt_lib_init_heap_1                     0x08000227   Thumb Code     0  libinit2.o(.ARM.Collect$$libinit$$0000000A)
    __rt_lib_init_lc_collate_1               0x08000227   Thumb Code     0  libinit2.o(.ARM.Collect$$libinit$$00000011)
    __rt_lib_init_lc_ctype_1                 0x08000227   Thumb Code     0  libinit2.o(.ARM.Collect$$libinit$$00000013)
    __rt_lib_init_lc_monetary_1              0x08000227   Thumb Code     0  libinit2.o(.ARM.Collect$$libinit$$00000015)
    __rt_lib_init_lc_numeric_1               0x08000227   Thumb Code     0  libinit2.o(.ARM.Collect$$libinit$$00000017)
    __rt_lib_init_lc_time_1                  0x08000227   Thumb Code     0  libinit2.o(.ARM.Collect$$libinit$$00000019)
    __rt_lib_init_preinit_1                  0x08000227   Thumb Code     0  libinit2.o(.ARM.Collect$$libinit$$00000004)
    __rt_lib_init_rand_1                     0x08000227   Thumb Code     0  libinit2.o(.ARM.Collect$$libinit$$0000000E)
    __rt_lib_init_return                     0x08000227   Thumb Code     0  libinit2.o(.ARM.Collect$$libinit$$00000033)
    __rt_lib_init_signal_1                   0x08000227   Thumb Code     0  libinit2.o(.ARM.Collect$$libinit$$0000001D)
    __rt_lib_init_stdio_1                    0x08000227   Thumb Code     0  libinit2.o(.ARM.Collect$$libinit$$00000025)
    __rt_lib_init_user_alloc_1               0x08000227   Thumb Code     0  libinit2.o(.ARM.Collect$$libinit$$0000000C)
    __rt_lib_shutdown                        0x08000229   Thumb Code     0  libshutdown.o(.ARM.Collect$$libshutdown$$00000000)
    __rt_lib_shutdown_cpp_1                  0x0800022b   Thumb Code     0  libshutdown2.o(.ARM.Collect$$libshutdown$$00000002)
    __rt_lib_shutdown_fp_trap_1              0x0800022b   Thumb Code     0  libshutdown2.o(.ARM.Collect$$libshutdown$$00000007)
    __rt_lib_shutdown_heap_1                 0x0800022b   Thumb Code     0  libshutdown2.o(.ARM.Collect$$libshutdown$$0000000F)
    __rt_lib_shutdown_return                 0x0800022b   Thumb Code     0  libshutdown2.o(.ARM.Collect$$libshutdown$$00000010)
    __rt_lib_shutdown_signal_1               0x0800022b   Thumb Code     0  libshutdown2.o(.ARM.Collect$$libshutdown$$0000000A)
    __rt_lib_shutdown_stdio_1                0x0800022b   Thumb Code     0  libshutdown2.o(.ARM.Collect$$libshutdown$$00000004)
    __rt_lib_shutdown_user_alloc_1           0x0800022b   Thumb Code     0  libshutdown2.o(.ARM.Collect$$libshutdown$$0000000C)
    __rt_entry                               0x0800022d   Thumb Code     0  __rtentry.o(.ARM.Collect$$rtentry$$00000000)
    __rt_entry_presh_1                       0x0800022d   Thumb Code     0  __rtentry2.o(.ARM.Collect$$rtentry$$00000002)
    __rt_entry_sh                            0x0800022d   Thumb Code     0  __rtentry4.o(.ARM.Collect$$rtentry$$00000004)
    __rt_entry_li                            0x08000233   Thumb Code     0  __rtentry2.o(.ARM.Collect$$rtentry$$0000000A)
    __rt_entry_postsh_1                      0x08000233   Thumb Code     0  __rtentry2.o(.ARM.Collect$$rtentry$$00000009)
    __rt_entry_main                          0x08000237   Thumb Code     0  __rtentry2.o(.ARM.Collect$$rtentry$$0000000D)
    __rt_entry_postli_1                      0x08000237   Thumb Code     0  __rtentry2.o(.ARM.Collect$$rtentry$$0000000C)
    __rt_exit                                0x0800023f   Thumb Code     0  rtexit.o(.ARM.Collect$$rtexit$$00000000)
    __rt_exit_ls                             0x08000241   Thumb Code     0  rtexit2.o(.ARM.Collect$$rtexit$$00000003)
    __rt_exit_prels_1                        0x08000241   Thumb Code     0  rtexit2.o(.ARM.Collect$$rtexit$$00000002)
    __rt_exit_exit                           0x08000245   Thumb Code     0  rtexit2.o(.ARM.Collect$$rtexit$$00000004)
    Reset_Handler                            0x0800024d   Thumb Code     8  startup_stm32f427xx.o(.text)
    ADC_IRQHandler                           0x08000267   Thumb Code     0  startup_stm32f427xx.o(.text)
    CAN1_RX1_IRQHandler                      0x08000267   Thumb Code     0  startup_stm32f427xx.o(.text)
    CAN1_SCE_IRQHandler                      0x08000267   Thumb Code     0  startup_stm32f427xx.o(.text)
    CAN1_TX_IRQHandler                       0x08000267   Thumb Code     0  startup_stm32f427xx.o(.text)
    CAN2_RX0_IRQHandler                      0x08000267   Thumb Code     0  startup_stm32f427xx.o(.text)
    CAN2_RX1_IRQHandler                      0x08000267   Thumb Code     0  startup_stm32f427xx.o(.text)
    CAN2_SCE_IRQHandler                      0x08000267   Thumb Code     0  startup_stm32f427xx.o(.text)
    CAN2_TX_IRQHandler                       0x08000267   Thumb Code     0  startup_stm32f427xx.o(.text)
    DCMI_IRQHandler                          0x08000267   Thumb Code     0  startup_stm32f427xx.o(.text)
    DMA1_Stream0_IRQHandler                  0x08000267   Thumb Code     0  startup_stm32f427xx.o(.text)
    DMA1_Stream1_IRQHandler                  0x08000267   Thumb Code     0  startup_stm32f427xx.o(.text)
    DMA1_Stream2_IRQHandler                  0x08000267   Thumb Code     0  startup_stm32f427xx.o(.text)
    DMA1_Stream3_IRQHandler                  0x08000267   Thumb Code     0  startup_stm32f427xx.o(.text)
    DMA1_Stream4_IRQHandler                  0x08000267   Thumb Code     0  startup_stm32f427xx.o(.text)
    DMA1_Stream5_IRQHandler                  0x08000267   Thumb Code     0  startup_stm32f427xx.o(.text)
    DMA1_Stream6_IRQHandler                  0x08000267   Thumb Code     0  startup_stm32f427xx.o(.text)
    DMA1_Stream7_IRQHandler                  0x08000267   Thumb Code     0  startup_stm32f427xx.o(.text)
    DMA2D_IRQHandler                         0x08000267   Thumb Code     0  startup_stm32f427xx.o(.text)
    DMA2_Stream0_IRQHandler                  0x08000267   Thumb Code     0  startup_stm32f427xx.o(.text)
    DMA2_Stream1_IRQHandler                  0x08000267   Thumb Code     0  startup_stm32f427xx.o(.text)
    DMA2_Stream2_IRQHandler                  0x08000267   Thumb Code     0  startup_stm32f427xx.o(.text)
    DMA2_Stream3_IRQHandler                  0x08000267   Thumb Code     0  startup_stm32f427xx.o(.text)
    DMA2_Stream4_IRQHandler                  0x08000267   Thumb Code     0  startup_stm32f427xx.o(.text)
    DMA2_Stream5_IRQHandler                  0x08000267   Thumb Code     0  startup_stm32f427xx.o(.text)
    DMA2_Stream6_IRQHandler                  0x08000267   Thumb Code     0  startup_stm32f427xx.o(.text)
    DMA2_Stream7_IRQHandler                  0x08000267   Thumb Code     0  startup_stm32f427xx.o(.text)
    ETH_IRQHandler                           0x08000267   Thumb Code     0  startup_stm32f427xx.o(.text)
    ETH_WKUP_IRQHandler                      0x08000267   Thumb Code     0  startup_stm32f427xx.o(.text)
    EXTI0_IRQHandler                         0x08000267   Thumb Code     0  startup_stm32f427xx.o(.text)
    EXTI15_10_IRQHandler                     0x08000267   Thumb Code     0  startup_stm32f427xx.o(.text)
    EXTI1_IRQHandler                         0x08000267   Thumb Code     0  startup_stm32f427xx.o(.text)
    EXTI2_IRQHandler                         0x08000267   Thumb Code     0  startup_stm32f427xx.o(.text)
    EXTI3_IRQHandler                         0x08000267   Thumb Code     0  startup_stm32f427xx.o(.text)
    EXTI4_IRQHandler                         0x08000267   Thumb Code     0  startup_stm32f427xx.o(.text)
    EXTI9_5_IRQHandler                       0x08000267   Thumb Code     0  startup_stm32f427xx.o(.text)
    FLASH_IRQHandler                         0x08000267   Thumb Code     0  startup_stm32f427xx.o(.text)
    FMC_IRQHandler                           0x08000267   Thumb Code     0  startup_stm32f427xx.o(.text)
    FPU_IRQHandler                           0x08000267   Thumb Code     0  startup_stm32f427xx.o(.text)
    HASH_RNG_IRQHandler                      0x08000267   Thumb Code     0  startup_stm32f427xx.o(.text)
    I2C1_ER_IRQHandler                       0x08000267   Thumb Code     0  startup_stm32f427xx.o(.text)
    I2C1_EV_IRQHandler                       0x08000267   Thumb Code     0  startup_stm32f427xx.o(.text)
    I2C2_ER_IRQHandler                       0x08000267   Thumb Code     0  startup_stm32f427xx.o(.text)
    I2C2_EV_IRQHandler                       0x08000267   Thumb Code     0  startup_stm32f427xx.o(.text)
    I2C3_ER_IRQHandler                       0x08000267   Thumb Code     0  startup_stm32f427xx.o(.text)
    I2C3_EV_IRQHandler                       0x08000267   Thumb Code     0  startup_stm32f427xx.o(.text)
    OTG_FS_IRQHandler                        0x08000267   Thumb Code     0  startup_stm32f427xx.o(.text)
    OTG_FS_WKUP_IRQHandler                   0x08000267   Thumb Code     0  startup_stm32f427xx.o(.text)
    OTG_HS_EP1_IN_IRQHandler                 0x08000267   Thumb Code     0  startup_stm32f427xx.o(.text)
    OTG_HS_EP1_OUT_IRQHandler                0x08000267   Thumb Code     0  startup_stm32f427xx.o(.text)
    OTG_HS_IRQHandler                        0x08000267   Thumb Code     0  startup_stm32f427xx.o(.text)
    OTG_HS_WKUP_IRQHandler                   0x08000267   Thumb Code     0  startup_stm32f427xx.o(.text)
    PVD_IRQHandler                           0x08000267   Thumb Code     0  startup_stm32f427xx.o(.text)
    RCC_IRQHandler                           0x08000267   Thumb Code     0  startup_stm32f427xx.o(.text)
    RTC_Alarm_IRQHandler                     0x08000267   Thumb Code     0  startup_stm32f427xx.o(.text)
    RTC_WKUP_IRQHandler                      0x08000267   Thumb Code     0  startup_stm32f427xx.o(.text)
    SAI1_IRQHandler                          0x08000267   Thumb Code     0  startup_stm32f427xx.o(.text)
    SDIO_IRQHandler                          0x08000267   Thumb Code     0  startup_stm32f427xx.o(.text)
    SPI1_IRQHandler                          0x08000267   Thumb Code     0  startup_stm32f427xx.o(.text)
    SPI2_IRQHandler                          0x08000267   Thumb Code     0  startup_stm32f427xx.o(.text)
    SPI3_IRQHandler                          0x08000267   Thumb Code     0  startup_stm32f427xx.o(.text)
    SPI4_IRQHandler                          0x08000267   Thumb Code     0  startup_stm32f427xx.o(.text)
    SPI5_IRQHandler                          0x08000267   Thumb Code     0  startup_stm32f427xx.o(.text)
    SPI6_IRQHandler                          0x08000267   Thumb Code     0  startup_stm32f427xx.o(.text)
    TAMP_STAMP_IRQHandler                    0x08000267   Thumb Code     0  startup_stm32f427xx.o(.text)
    TIM1_BRK_TIM9_IRQHandler                 0x08000267   Thumb Code     0  startup_stm32f427xx.o(.text)
    TIM1_CC_IRQHandler                       0x08000267   Thumb Code     0  startup_stm32f427xx.o(.text)
    TIM1_TRG_COM_TIM11_IRQHandler            0x08000267   Thumb Code     0  startup_stm32f427xx.o(.text)
    TIM1_UP_TIM10_IRQHandler                 0x08000267   Thumb Code     0  startup_stm32f427xx.o(.text)
    TIM3_IRQHandler                          0x08000267   Thumb Code     0  startup_stm32f427xx.o(.text)
    TIM4_IRQHandler                          0x08000267   Thumb Code     0  startup_stm32f427xx.o(.text)
    TIM5_IRQHandler                          0x08000267   Thumb Code     0  startup_stm32f427xx.o(.text)
    TIM6_DAC_IRQHandler                      0x08000267   Thumb Code     0  startup_stm32f427xx.o(.text)
    TIM7_IRQHandler                          0x08000267   Thumb Code     0  startup_stm32f427xx.o(.text)
    TIM8_BRK_TIM12_IRQHandler                0x08000267   Thumb Code     0  startup_stm32f427xx.o(.text)
    TIM8_CC_IRQHandler                       0x08000267   Thumb Code     0  startup_stm32f427xx.o(.text)
    TIM8_TRG_COM_TIM14_IRQHandler            0x08000267   Thumb Code     0  startup_stm32f427xx.o(.text)
    TIM8_UP_TIM13_IRQHandler                 0x08000267   Thumb Code     0  startup_stm32f427xx.o(.text)
    UART4_IRQHandler                         0x08000267   Thumb Code     0  startup_stm32f427xx.o(.text)
    UART5_IRQHandler                         0x08000267   Thumb Code     0  startup_stm32f427xx.o(.text)
    UART8_IRQHandler                         0x08000267   Thumb Code     0  startup_stm32f427xx.o(.text)
    USART1_IRQHandler                        0x08000267   Thumb Code     0  startup_stm32f427xx.o(.text)
    USART2_IRQHandler                        0x08000267   Thumb Code     0  startup_stm32f427xx.o(.text)
    USART3_IRQHandler                        0x08000267   Thumb Code     0  startup_stm32f427xx.o(.text)
    WWDG_IRQHandler                          0x08000267   Thumb Code     0  startup_stm32f427xx.o(.text)
    __user_initial_stackheap                 0x08000269   Thumb Code     0  startup_stm32f427xx.o(.text)
    __aeabi_uldivmod                         0x0800028d   Thumb Code     0  lludivv7m.o(.text)
    _ll_udiv                                 0x0800028d   Thumb Code   238  lludivv7m.o(.text)
    __aeabi_memclr4                          0x0800037b   Thumb Code     0  rt_memclr_w.o(.text)
    __aeabi_memclr8                          0x0800037b   Thumb Code     0  rt_memclr_w.o(.text)
    __rt_memclr_w                            0x0800037b   Thumb Code    78  rt_memclr_w.o(.text)
    _memset_w                                0x0800037f   Thumb Code     0  rt_memclr_w.o(.text)
    __use_two_region_memory                  0x080003c9   Thumb Code     2  heapauxi.o(.text)
    __rt_heap_escrow$2region                 0x080003cb   Thumb Code     2  heapauxi.o(.text)
    __rt_heap_expand$2region                 0x080003cd   Thumb Code     2  heapauxi.o(.text)
    __read_errno                             0x080003cf   Thumb Code    10  _rserrno.o(.text)
    __set_errno                              0x080003d9   Thumb Code    12  _rserrno.o(.text)
    __aeabi_errno_addr                       0x080003e5   Thumb Code     8  rt_errno_addr_intlibspace.o(.text)
    __errno$intlibspace                      0x080003e5   Thumb Code     0  rt_errno_addr_intlibspace.o(.text)
    __rt_errno_addr$intlibspace              0x080003e5   Thumb Code     0  rt_errno_addr_intlibspace.o(.text)
    __user_libspace                          0x080003ed   Thumb Code     8  libspace.o(.text)
    __user_perproc_libspace                  0x080003ed   Thumb Code     0  libspace.o(.text)
    __user_perthread_libspace                0x080003ed   Thumb Code     0  libspace.o(.text)
    __user_setup_stackheap                   0x080003f5   Thumb Code    74  sys_stackheap_outer.o(.text)
    exit                                     0x0800043f   Thumb Code    18  exit.o(.text)
    _sys_exit                                0x08000451   Thumb Code     8  sys_exit.o(.text)
    __I$use$semihosting                      0x0800045d   Thumb Code     0  use_no_semi.o(.text)
    __use_no_semihosting_swi                 0x0800045d   Thumb Code     2  use_no_semi.o(.text)
    BusFault_Handler                         0x0800045f   Thumb Code     4  stm32f4xx_it.o(i.BusFault_Handler)
    __semihosting_library_function           0x0800045f   Thumb Code     0  indicate_semi.o(.text)
    CAN1_RX0_IRQHandler                      0x08000465   Thumb Code    10  stm32f4xx_it.o(i.CAN1_RX0_IRQHandler)
    CAN_cmd_chassis                          0x08000475   Thumb Code    68  can_receive.o(i.CAN_cmd_chassis)
    DebugMon_Handler                         0x080004c5   Thumb Code     2  stm32f4xx_it.o(i.DebugMon_Handler)
    Error_Handler                            0x080004c7   Thumb Code     6  main.o(i.Error_Handler)
    HAL_CAN_ActivateNotification             0x080004cd   Thumb Code    42  stm32f4xx_hal_can.o(i.HAL_CAN_ActivateNotification)
    HAL_CAN_AddTxMessage                     0x080004f7   Thumb Code   330  stm32f4xx_hal_can.o(i.HAL_CAN_AddTxMessage)
    HAL_CAN_ConfigFilter                     0x08000641   Thumb Code   284  stm32f4xx_hal_can.o(i.HAL_CAN_ConfigFilter)
    HAL_CAN_ErrorCallback                    0x08000761   Thumb Code     2  stm32f4xx_hal_can.o(i.HAL_CAN_ErrorCallback)
    HAL_CAN_GetRxMessage                     0x08000763   Thumb Code   404  stm32f4xx_hal_can.o(i.HAL_CAN_GetRxMessage)
    HAL_CAN_IRQHandler                       0x080008f7   Thumb Code   590  stm32f4xx_hal_can.o(i.HAL_CAN_IRQHandler)
    HAL_CAN_Init                             0x08000b45   Thumb Code   372  stm32f4xx_hal_can.o(i.HAL_CAN_Init)
    HAL_CAN_MspInit                          0x08000cb9   Thumb Code   314  can.o(i.HAL_CAN_MspInit)
    HAL_CAN_RxFifo0FullCallback              0x08000e0d   Thumb Code     2  stm32f4xx_hal_can.o(i.HAL_CAN_RxFifo0FullCallback)
    HAL_CAN_RxFifo0MsgPendingCallback        0x08000e11   Thumb Code   216  can_receive.o(i.HAL_CAN_RxFifo0MsgPendingCallback)
    HAL_CAN_RxFifo1FullCallback              0x08000ef9   Thumb Code     2  stm32f4xx_hal_can.o(i.HAL_CAN_RxFifo1FullCallback)
    HAL_CAN_RxFifo1MsgPendingCallback        0x08000efb   Thumb Code     2  stm32f4xx_hal_can.o(i.HAL_CAN_RxFifo1MsgPendingCallback)
    HAL_CAN_SleepCallback                    0x08000efd   Thumb Code     2  stm32f4xx_hal_can.o(i.HAL_CAN_SleepCallback)
    HAL_CAN_Start                            0x08000eff   Thumb Code    94  stm32f4xx_hal_can.o(i.HAL_CAN_Start)
    HAL_CAN_TxMailbox0AbortCallback          0x08000f5d   Thumb Code     2  stm32f4xx_hal_can.o(i.HAL_CAN_TxMailbox0AbortCallback)
    HAL_CAN_TxMailbox0CompleteCallback       0x08000f5f   Thumb Code     2  stm32f4xx_hal_can.o(i.HAL_CAN_TxMailbox0CompleteCallback)
    HAL_CAN_TxMailbox1AbortCallback          0x08000f61   Thumb Code     2  stm32f4xx_hal_can.o(i.HAL_CAN_TxMailbox1AbortCallback)
    HAL_CAN_TxMailbox1CompleteCallback       0x08000f63   Thumb Code     2  stm32f4xx_hal_can.o(i.HAL_CAN_TxMailbox1CompleteCallback)
    HAL_CAN_TxMailbox2AbortCallback          0x08000f65   Thumb Code     2  stm32f4xx_hal_can.o(i.HAL_CAN_TxMailbox2AbortCallback)
    HAL_CAN_TxMailbox2CompleteCallback       0x08000f67   Thumb Code     2  stm32f4xx_hal_can.o(i.HAL_CAN_TxMailbox2CompleteCallback)
    HAL_CAN_WakeUpFromRxMsgCallback          0x08000f69   Thumb Code     2  stm32f4xx_hal_can.o(i.HAL_CAN_WakeUpFromRxMsgCallback)
    HAL_DMA_Abort                            0x08000f6b   Thumb Code   172  stm32f4xx_hal_dma.o(i.HAL_DMA_Abort)
    HAL_DMA_Abort_IT                         0x08001017   Thumb Code    40  stm32f4xx_hal_dma.o(i.HAL_DMA_Abort_IT)
    HAL_Delay                                0x08001041   Thumb Code    36  stm32f4xx_hal.o(i.HAL_Delay)
    HAL_GPIO_Init                            0x08001069   Thumb Code   474  stm32f4xx_hal_gpio.o(i.HAL_GPIO_Init)
    HAL_GPIO_ReadPin                         0x08001279   Thumb Code    16  stm32f4xx_hal_gpio.o(i.HAL_GPIO_ReadPin)
    HAL_GetTick                              0x08001289   Thumb Code     6  stm32f4xx_hal.o(i.HAL_GetTick)
    HAL_IncTick                              0x08001295   Thumb Code    16  stm32f4xx_hal.o(i.HAL_IncTick)
    HAL_Init                                 0x080012ad   Thumb Code    54  stm32f4xx_hal.o(i.HAL_Init)
    HAL_InitTick                             0x080012e9   Thumb Code    64  stm32f4xx_hal.o(i.HAL_InitTick)
    HAL_MspInit                              0x08001335   Thumb Code    68  stm32f4xx_hal_msp.o(i.HAL_MspInit)
    HAL_NVIC_EnableIRQ                       0x0800137d   Thumb Code    40  stm32f4xx_hal_cortex.o(i.HAL_NVIC_EnableIRQ)
    HAL_NVIC_SetPriority                     0x080013a5   Thumb Code   124  stm32f4xx_hal_cortex.o(i.HAL_NVIC_SetPriority)
    HAL_NVIC_SetPriorityGrouping             0x08001421   Thumb Code    32  stm32f4xx_hal_cortex.o(i.HAL_NVIC_SetPriorityGrouping)
    HAL_RCC_ClockConfig                      0x08001449   Thumb Code   368  stm32f4xx_hal_rcc.o(i.HAL_RCC_ClockConfig)
    HAL_RCC_GetHCLKFreq                      0x080015cd   Thumb Code     6  stm32f4xx_hal_rcc.o(i.HAL_RCC_GetHCLKFreq)
    HAL_RCC_GetPCLK1Freq                     0x080015d9   Thumb Code    22  stm32f4xx_hal_rcc.o(i.HAL_RCC_GetPCLK1Freq)
    HAL_RCC_GetPCLK2Freq                     0x080015f9   Thumb Code    22  stm32f4xx_hal_rcc.o(i.HAL_RCC_GetPCLK2Freq)
    HAL_RCC_GetSysClockFreq                  0x08001619   Thumb Code   162  stm32f4xx_hal_rcc.o(i.HAL_RCC_GetSysClockFreq)
    HAL_RCC_OscConfig                        0x080016c9   Thumb Code  1172  stm32f4xx_hal_rcc.o(i.HAL_RCC_OscConfig)
    HAL_SYSTICK_Config                       0x08001b65   Thumb Code    52  stm32f4xx_hal_cortex.o(i.HAL_SYSTICK_Config)
    HAL_TIMEx_BreakCallback                  0x08001b99   Thumb Code     2  stm32f4xx_hal_tim_ex.o(i.HAL_TIMEx_BreakCallback)
    HAL_TIMEx_CommutCallback                 0x08001b9b   Thumb Code     2  stm32f4xx_hal_tim_ex.o(i.HAL_TIMEx_CommutCallback)
    HAL_TIMEx_MasterConfigSynchronization    0x08001b9d   Thumb Code   150  stm32f4xx_hal_tim_ex.o(i.HAL_TIMEx_MasterConfigSynchronization)
    HAL_TIM_Base_Init                        0x08001c51   Thumb Code   102  stm32f4xx_hal_tim.o(i.HAL_TIM_Base_Init)
    HAL_TIM_Base_MspInit                     0x08001cb9   Thumb Code    62  tim.o(i.HAL_TIM_Base_MspInit)
    HAL_TIM_Base_Start_IT                    0x08001cfd   Thumb Code   138  stm32f4xx_hal_tim.o(i.HAL_TIM_Base_Start_IT)
    HAL_TIM_ConfigClockSource                0x08001da5   Thumb Code   268  stm32f4xx_hal_tim.o(i.HAL_TIM_ConfigClockSource)
    HAL_TIM_IC_CaptureCallback               0x08001eb1   Thumb Code     2  stm32f4xx_hal_tim.o(i.HAL_TIM_IC_CaptureCallback)
    HAL_TIM_IRQHandler                       0x08001eb3   Thumb Code   364  stm32f4xx_hal_tim.o(i.HAL_TIM_IRQHandler)
    HAL_TIM_OC_DelayElapsedCallback          0x0800201f   Thumb Code     2  stm32f4xx_hal_tim.o(i.HAL_TIM_OC_DelayElapsedCallback)
    HAL_TIM_PWM_PulseFinishedCallback        0x08002021   Thumb Code     2  stm32f4xx_hal_tim.o(i.HAL_TIM_PWM_PulseFinishedCallback)
    HAL_TIM_PeriodElapsedCallback            0x08002025   Thumb Code   158  stm32f4xx_it.o(i.HAL_TIM_PeriodElapsedCallback)
    HAL_TIM_TriggerCallback                  0x080020d1   Thumb Code     2  stm32f4xx_hal_tim.o(i.HAL_TIM_TriggerCallback)
    HAL_UARTEx_RxEventCallback               0x080020d3   Thumb Code     2  stm32f4xx_hal_uart.o(i.HAL_UARTEx_RxEventCallback)
    HAL_UART_ErrorCallback                   0x080020d5   Thumb Code     2  stm32f4xx_hal_uart.o(i.HAL_UART_ErrorCallback)
    HAL_UART_IRQHandler                      0x080020d9   Thumb Code   772  stm32f4xx_hal_uart.o(i.HAL_UART_IRQHandler)
    HAL_UART_Init                            0x080023e1   Thumb Code   118  stm32f4xx_hal_uart.o(i.HAL_UART_Init)
    HAL_UART_MspInit                         0x08002459   Thumb Code   268  usart.o(i.HAL_UART_MspInit)
    HAL_UART_Receive_IT                      0x08002579   Thumb Code    44  stm32f4xx_hal_uart.o(i.HAL_UART_Receive_IT)
    HAL_UART_RxCpltCallback                  0x080025a5   Thumb Code    54  stm32f4xx_it.o(i.HAL_UART_RxCpltCallback)
    HAL_UART_Transmit                        0x080025ed   Thumb Code   190  stm32f4xx_hal_uart.o(i.HAL_UART_Transmit)
    HAL_UART_TxCpltCallback                  0x080026ab   Thumb Code     2  stm32f4xx_hal_uart.o(i.HAL_UART_TxCpltCallback)
    HardFault_Handler                        0x080026ad   Thumb Code     4  stm32f4xx_it.o(i.HardFault_Handler)
    MX_CAN1_Init                             0x080026b1   Thumb Code    58  can.o(i.MX_CAN1_Init)
    MX_CAN2_Init                             0x080026f5   Thumb Code    58  can.o(i.MX_CAN2_Init)
    MX_GPIO_Init                             0x08002739   Thumb Code   220  gpio.o(i.MX_GPIO_Init)
    MX_TIM2_Init                             0x0800281d   Thumb Code   104  tim.o(i.MX_TIM2_Init)
    MX_UART7_Init                            0x08002889   Thumb Code    46  usart.o(i.MX_UART7_Init)
    MX_USART6_UART_Init                      0x080028c1   Thumb Code    46  usart.o(i.MX_USART6_UART_Init)
    MemManage_Handler                        0x080028f9   Thumb Code     4  stm32f4xx_it.o(i.MemManage_Handler)
    NMI_Handler                              0x080028fd   Thumb Code     4  stm32f4xx_it.o(i.NMI_Handler)
    PendSV_Handler                           0x08002901   Thumb Code     2  stm32f4xx_it.o(i.PendSV_Handler)
    STP23L_Init                              0x08002905   Thumb Code    20  stp_23l.o(i.STP23L_Init)
    STP23L_RxCallback                        0x08002929   Thumb Code   956  stp_23l.o(i.STP23L_RxCallback)
    SVC_Handler                              0x08002d01   Thumb Code     2  stm32f4xx_it.o(i.SVC_Handler)
    SysTick_Handler                          0x08002d03   Thumb Code     8  stm32f4xx_it.o(i.SysTick_Handler)
    SystemClock_Config                       0x08002d0d   Thumb Code   170  main.o(i.SystemClock_Config)
    SystemInit                               0x08002dc1   Thumb Code    14  system_stm32f4xx.o(i.SystemInit)
    TIM2_IRQHandler                          0x08002dd5   Thumb Code    10  stm32f4xx_it.o(i.TIM2_IRQHandler)
    TIM_Base_SetConfig                       0x08002de5   Thumb Code   178  stm32f4xx_hal_tim.o(i.TIM_Base_SetConfig)
    TIM_ETR_SetConfig                        0x08002ec5   Thumb Code    22  stm32f4xx_hal_tim.o(i.TIM_ETR_SetConfig)
    UART7_IRQHandler                         0x08002f3d   Thumb Code    10  stm32f4xx_it.o(i.UART7_IRQHandler)
    UART_Start_Receive_IT                    0x08003315   Thumb Code    64  stm32f4xx_hal_uart.o(i.UART_Start_Receive_IT)
    USART6_IRQHandler                        0x08003441   Thumb Code    10  stm32f4xx_it.o(i.USART6_IRQHandler)
    UsageFault_Handler                       0x08003451   Thumb Code     4  stm32f4xx_it.o(i.UsageFault_Handler)
    __ARM_fpclassifyf                        0x08003455   Thumb Code    38  fpclassifyf.o(i.__ARM_fpclassifyf)
    __hardfp_cosf                            0x080034b5   Thumb Code   280  cosf.o(i.__hardfp_cosf)
    __hardfp_sinf                            0x08003605   Thumb Code   344  sinf.o(i.__hardfp_sinf)
    __hardfp_sqrtf                           0x08003795   Thumb Code    58  sqrtf.o(i.__hardfp_sqrtf)
    __mathlib_flt_infnan                     0x080037cf   Thumb Code     6  funder.o(i.__mathlib_flt_infnan)
    __mathlib_flt_invalid                    0x080037d5   Thumb Code    10  funder.o(i.__mathlib_flt_invalid)
    __mathlib_flt_underflow                  0x080037e5   Thumb Code    10  funder.o(i.__mathlib_flt_underflow)
    __mathlib_rredf2                         0x080037f5   Thumb Code   316  rredf.o(i.__mathlib_rredf2)
    angle_controller                         0x08003949   Thumb Code   258  pid.o(i.angle_controller)
    angle_controller_init                    0x08003a55   Thumb Code    72  pid.o(i.angle_controller_init)
    can_filter_init                          0x08003aa1   Thumb Code    84  bsp_can.o(i.can_filter_init)
    get_chassis_motor_measure_point          0x08003b4d   Thumb Code    18  can_receive.o(i.get_chassis_motor_measure_point)
    hwt101_ReceiveData                       0x08003b65   Thumb Code   190  hwt101.o(i.hwt101_ReceiveData)
    hwt101_restart                           0x08003c3d   Thumb Code    60  hwt101.o(i.hwt101_restart)
    main                                     0x08003c89   Thumb Code  1638  main.o(i.main)
    mecanum_calculate_wheel_speed            0x08004319   Thumb Code    76  mecanum_control.o(i.mecanum_calculate_wheel_speed)
    mecanum_ecd_distance                     0x08004365   Thumb Code   274  can_receive.o(i.mecanum_ecd_distance)
    mecanum_init                             0x08004491   Thumb Code   116  mecanum_control.o(i.mecanum_init)
    mecanum_stop                             0x08004509   Thumb Code    42  mecanum_control.o(i.mecanum_stop)
    move_angle                               0x08004539   Thumb Code   348  mecanum_control.o(i.move_angle)
    move_x                                   0x080046c5   Thumb Code   290  mecanum_control.o(i.move_x)
    move_y                                   0x08004809   Thumb Code   492  mecanum_control.o(i.move_y)
    set_angle_pid                            0x08004a11   Thumb Code    22  pid.o(i.set_angle_pid)
    set_error                                0x08004a29   Thumb Code    70  pid.o(i.set_error)
    set_speed_pid                            0x08004a7d   Thumb Code    26  pid.o(i.set_speed_pid)
    set_target_angle                         0x08004a99   Thumb Code    62  pid.o(i.set_target_angle)
    set_target_move_to_target                0x08004ae5   Thumb Code   920  mecanum_control.o(i.set_target_move_to_target)
    set_target_move_to_target_up             0x08004edd   Thumb Code   824  mecanum_control.o(i.set_target_move_to_target_up)
    set_yaw                                  0x08005269   Thumb Code    38  hwt101.o(i.set_yaw)
    speed_pid_control                        0x0800529d   Thumb Code   296  pid.o(i.speed_pid_control)
    speed_pid_init                           0x080053c9   Thumb Code    72  pid.o(i.speed_pid_init)
    _fp_init                                 0x08005415   Thumb Code    10  fpinit.o(x$fpl$fpinit)
    __fplib_config_fpu_vfp                   0x0800541d   Thumb Code     0  fpinit.o(x$fpl$fpinit)
    __fplib_config_pureend_doubles           0x0800541d   Thumb Code     0  fpinit.o(x$fpl$fpinit)
    AHBPrescTable                            0x0800541e   Data          16  system_stm32f4xx.o(.constdata)
    __I$use$fp                               0x0800541e   Number         0  usenofp.o(x$fpl$usenofp)
    APBPrescTable                            0x0800542e   Data           8  system_stm32f4xx.o(.constdata)
    Region$$Table$$Base                      0x08005458   Number         0  anon$$obj.o(Region$$Table)
    Region$$Table$$Limit                     0x08005478   Number         0  anon$$obj.o(Region$$Table)
    t1                                       0x20000000   Data           4  main.o(.data)
    t2                                       0x20000004   Data           4  main.o(.data)
    t3                                       0x20000008   Data           4  main.o(.data)
    t4                                       0x2000000c   Data           4  main.o(.data)
    g_usart7_receivedata                     0x20000014   Data           1  stm32f4xx_it.o(.data)
    uart6_rx_buf                             0x20000015   Data           1  stm32f4xx_it.o(.data)
    uwTick                                   0x20000018   Data           4  stm32f4xx_hal.o(.data)
    uwTickPrio                               0x2000001c   Data           4  stm32f4xx_hal.o(.data)
    uwTickFreq                               0x20000020   Data           1  stm32f4xx_hal.o(.data)
    SystemCoreClock                          0x20000024   Data           4  system_stm32f4xx.o(.data)
    can_tx_status                            0x20000028   Data           1  can_receive.o(.data)
    can_tx_mailbox                           0x2000002c   Data           4  can_receive.o(.data)
    can_rx_count                             0x20000030   Data           4  can_receive.o(.data)
    yaw                                      0x2000004c   Data           4  hwt101.o(.data)
    gd_l                                     0x20000050   Data           1  mecanum_control.o(.data)
    gd_r                                     0x20000051   Data           1  mecanum_control.o(.data)
    stp23l_distance                          0x200000b4   Data           2  stp_23l.o(.data)
    vofa_data                                0x200000c0   Data          12  main.o(.bss)
    hcan1                                    0x200000cc   Data          40  can.o(.bss)
    hcan2                                    0x200000f4   Data          40  can.o(.bss)
    htim2                                    0x2000011c   Data          72  tim.o(.bss)
    huart7                                   0x20000164   Data          72  usart.o(.bss)
    huart6                                   0x200001ac   Data          72  usart.o(.bss)
    mecanum                                  0x20000278   Data         120  mecanum_control.o(.bss)
    angle_pid_s                              0x200002f0   Data          64  pid.o(.bss)
    angle_pid_t                              0x20000330   Data          64  pid.o(.bss)
    speed_pid                                0x20000370   Data         256  pid.o(.bss)
    pid_pitch                                0x20000470   Data         100  pid.o(.bss)
    pid_pithch_speed                         0x200004d4   Data         100  pid.o(.bss)
    pid_roll                                 0x20000538   Data         100  pid.o(.bss)
    pid_roll_speed                           0x2000059c   Data         100  pid.o(.bss)
    pid_yaw_speed                            0x20000600   Data         100  pid.o(.bss)
    __libspace_start                         0x20000754   Data          96  libspace.o(.bss)
    __temporary_stack_top$libspace           0x200007b4   Data           0  libspace.o(.bss)



==============================================================================

Memory Map of the image

  Image Entry point : 0x080001ad

  Load Region LR_IROM1 (Base: 0x08000000, Size: 0x00005538, Max: 0x00200000, ABSOLUTE)

    Execution Region ER_IROM1 (Exec base: 0x08000000, Load base: 0x08000000, Size: 0x00005478, Max: 0x00200000, ABSOLUTE)

    Exec Addr    Load Addr    Size         Type   Attr      Idx    E Section Name        Object

    0x08000000   0x08000000   0x000001ac   Data   RO            3    RESET               startup_stm32f427xx.o
    0x080001ac   0x080001ac   0x00000008   Code   RO         4027  * !!!main             c_w.l(__main.o)
    0x080001b4   0x080001b4   0x00000034   Code   RO         4257    !!!scatter          c_w.l(__scatter.o)
    0x080001e8   0x080001e8   0x0000001a   Code   RO         4259    !!handler_copy      c_w.l(__scatter_copy.o)
    0x08000202   0x08000202   0x00000002   PAD
    0x08000204   0x08000204   0x0000001c   Code   RO         4261    !!handler_zi        c_w.l(__scatter_zi.o)
    0x08000220   0x08000220   0x00000002   Code   RO         4130    .ARM.Collect$$libinit$$00000000  c_w.l(libinit.o)
    0x08000222   0x08000222   0x00000004   Code   RO         4139    .ARM.Collect$$libinit$$00000001  c_w.l(libinit2.o)
    0x08000226   0x08000226   0x00000000   Code   RO         4142    .ARM.Collect$$libinit$$00000004  c_w.l(libinit2.o)
    0x08000226   0x08000226   0x00000000   Code   RO         4145    .ARM.Collect$$libinit$$0000000A  c_w.l(libinit2.o)
    0x08000226   0x08000226   0x00000000   Code   RO         4147    .ARM.Collect$$libinit$$0000000C  c_w.l(libinit2.o)
    0x08000226   0x08000226   0x00000000   Code   RO         4149    .ARM.Collect$$libinit$$0000000E  c_w.l(libinit2.o)
    0x08000226   0x08000226   0x00000000   Code   RO         4152    .ARM.Collect$$libinit$$00000011  c_w.l(libinit2.o)
    0x08000226   0x08000226   0x00000000   Code   RO         4154    .ARM.Collect$$libinit$$00000013  c_w.l(libinit2.o)
    0x08000226   0x08000226   0x00000000   Code   RO         4156    .ARM.Collect$$libinit$$00000015  c_w.l(libinit2.o)
    0x08000226   0x08000226   0x00000000   Code   RO         4158    .ARM.Collect$$libinit$$00000017  c_w.l(libinit2.o)
    0x08000226   0x08000226   0x00000000   Code   RO         4160    .ARM.Collect$$libinit$$00000019  c_w.l(libinit2.o)
    0x08000226   0x08000226   0x00000000   Code   RO         4162    .ARM.Collect$$libinit$$0000001B  c_w.l(libinit2.o)
    0x08000226   0x08000226   0x00000000   Code   RO         4164    .ARM.Collect$$libinit$$0000001D  c_w.l(libinit2.o)
    0x08000226   0x08000226   0x00000000   Code   RO         4166    .ARM.Collect$$libinit$$0000001F  c_w.l(libinit2.o)
    0x08000226   0x08000226   0x00000000   Code   RO         4168    .ARM.Collect$$libinit$$00000021  c_w.l(libinit2.o)
    0x08000226   0x08000226   0x00000000   Code   RO         4170    .ARM.Collect$$libinit$$00000023  c_w.l(libinit2.o)
    0x08000226   0x08000226   0x00000000   Code   RO         4172    .ARM.Collect$$libinit$$00000025  c_w.l(libinit2.o)
    0x08000226   0x08000226   0x00000000   Code   RO         4176    .ARM.Collect$$libinit$$0000002C  c_w.l(libinit2.o)
    0x08000226   0x08000226   0x00000000   Code   RO         4178    .ARM.Collect$$libinit$$0000002E  c_w.l(libinit2.o)
    0x08000226   0x08000226   0x00000000   Code   RO         4180    .ARM.Collect$$libinit$$00000030  c_w.l(libinit2.o)
    0x08000226   0x08000226   0x00000000   Code   RO         4182    .ARM.Collect$$libinit$$00000032  c_w.l(libinit2.o)
    0x08000226   0x08000226   0x00000002   Code   RO         4183    .ARM.Collect$$libinit$$00000033  c_w.l(libinit2.o)
    0x08000228   0x08000228   0x00000002   Code   RO         4214    .ARM.Collect$$libshutdown$$00000000  c_w.l(libshutdown.o)
    0x0800022a   0x0800022a   0x00000000   Code   RO         4240    .ARM.Collect$$libshutdown$$00000002  c_w.l(libshutdown2.o)
    0x0800022a   0x0800022a   0x00000000   Code   RO         4242    .ARM.Collect$$libshutdown$$00000004  c_w.l(libshutdown2.o)
    0x0800022a   0x0800022a   0x00000000   Code   RO         4245    .ARM.Collect$$libshutdown$$00000007  c_w.l(libshutdown2.o)
    0x0800022a   0x0800022a   0x00000000   Code   RO         4248    .ARM.Collect$$libshutdown$$0000000A  c_w.l(libshutdown2.o)
    0x0800022a   0x0800022a   0x00000000   Code   RO         4250    .ARM.Collect$$libshutdown$$0000000C  c_w.l(libshutdown2.o)
    0x0800022a   0x0800022a   0x00000000   Code   RO         4253    .ARM.Collect$$libshutdown$$0000000F  c_w.l(libshutdown2.o)
    0x0800022a   0x0800022a   0x00000002   Code   RO         4254    .ARM.Collect$$libshutdown$$00000010  c_w.l(libshutdown2.o)
    0x0800022c   0x0800022c   0x00000000   Code   RO         4065    .ARM.Collect$$rtentry$$00000000  c_w.l(__rtentry.o)
    0x0800022c   0x0800022c   0x00000000   Code   RO         4093    .ARM.Collect$$rtentry$$00000002  c_w.l(__rtentry2.o)
    0x0800022c   0x0800022c   0x00000006   Code   RO         4105    .ARM.Collect$$rtentry$$00000004  c_w.l(__rtentry4.o)
    0x08000232   0x08000232   0x00000000   Code   RO         4095    .ARM.Collect$$rtentry$$00000009  c_w.l(__rtentry2.o)
    0x08000232   0x08000232   0x00000004   Code   RO         4096    .ARM.Collect$$rtentry$$0000000A  c_w.l(__rtentry2.o)
    0x08000236   0x08000236   0x00000000   Code   RO         4098    .ARM.Collect$$rtentry$$0000000C  c_w.l(__rtentry2.o)
    0x08000236   0x08000236   0x00000008   Code   RO         4099    .ARM.Collect$$rtentry$$0000000D  c_w.l(__rtentry2.o)
    0x0800023e   0x0800023e   0x00000002   Code   RO         4131    .ARM.Collect$$rtexit$$00000000  c_w.l(rtexit.o)
    0x08000240   0x08000240   0x00000000   Code   RO         4187    .ARM.Collect$$rtexit$$00000002  c_w.l(rtexit2.o)
    0x08000240   0x08000240   0x00000004   Code   RO         4188    .ARM.Collect$$rtexit$$00000003  c_w.l(rtexit2.o)
    0x08000244   0x08000244   0x00000006   Code   RO         4189    .ARM.Collect$$rtexit$$00000004  c_w.l(rtexit2.o)
    0x0800024a   0x0800024a   0x00000002   PAD
    0x0800024c   0x0800024c   0x00000040   Code   RO            4    .text               startup_stm32f427xx.o
    0x0800028c   0x0800028c   0x000000ee   Code   RO         4021    .text               c_w.l(lludivv7m.o)
    0x0800037a   0x0800037a   0x0000004e   Code   RO         4023    .text               c_w.l(rt_memclr_w.o)
    0x080003c8   0x080003c8   0x00000006   Code   RO         4025    .text               c_w.l(heapauxi.o)
    0x080003ce   0x080003ce   0x00000016   Code   RO         4070    .text               c_w.l(_rserrno.o)
    0x080003e4   0x080003e4   0x00000008   Code   RO         4112    .text               c_w.l(rt_errno_addr_intlibspace.o)
    0x080003ec   0x080003ec   0x00000008   Code   RO         4114    .text               c_w.l(libspace.o)
    0x080003f4   0x080003f4   0x0000004a   Code   RO         4117    .text               c_w.l(sys_stackheap_outer.o)
    0x0800043e   0x0800043e   0x00000012   Code   RO         4119    .text               c_w.l(exit.o)
    0x08000450   0x08000450   0x0000000c   Code   RO         4184    .text               c_w.l(sys_exit.o)
    0x0800045c   0x0800045c   0x00000002   Code   RO         4203    .text               c_w.l(use_no_semi.o)
    0x0800045e   0x0800045e   0x00000000   Code   RO         4205    .text               c_w.l(indicate_semi.o)
    0x0800045e   0x0800045e   0x00000004   Code   RO          464    i.BusFault_Handler  stm32f4xx_it.o
    0x08000462   0x08000462   0x00000002   PAD
    0x08000464   0x08000464   0x00000010   Code   RO          465    i.CAN1_RX0_IRQHandler  stm32f4xx_it.o
    0x08000474   0x08000474   0x00000050   Code   RO         3544    i.CAN_cmd_chassis   can_receive.o
    0x080004c4   0x080004c4   0x00000002   Code   RO          466    i.DebugMon_Handler  stm32f4xx_it.o
    0x080004c6   0x080004c6   0x00000006   Code   RO           13    i.Error_Handler     main.o
    0x080004cc   0x080004cc   0x0000002a   Code   RO          630    i.HAL_CAN_ActivateNotification  stm32f4xx_hal_can.o
    0x080004f6   0x080004f6   0x0000014a   Code   RO          631    i.HAL_CAN_AddTxMessage  stm32f4xx_hal_can.o
    0x08000640   0x08000640   0x00000120   Code   RO          632    i.HAL_CAN_ConfigFilter  stm32f4xx_hal_can.o
    0x08000760   0x08000760   0x00000002   Code   RO          635    i.HAL_CAN_ErrorCallback  stm32f4xx_hal_can.o
    0x08000762   0x08000762   0x00000194   Code   RO          638    i.HAL_CAN_GetRxMessage  stm32f4xx_hal_can.o
    0x080008f6   0x080008f6   0x0000024e   Code   RO          642    i.HAL_CAN_IRQHandler  stm32f4xx_hal_can.o
    0x08000b44   0x08000b44   0x00000174   Code   RO          643    i.HAL_CAN_Init      stm32f4xx_hal_can.o
    0x08000cb8   0x08000cb8   0x00000154   Code   RO          326    i.HAL_CAN_MspInit   can.o
    0x08000e0c   0x08000e0c   0x00000002   Code   RO          650    i.HAL_CAN_RxFifo0FullCallback  stm32f4xx_hal_can.o
    0x08000e0e   0x08000e0e   0x00000002   PAD
    0x08000e10   0x08000e10   0x000000e8   Code   RO         3547    i.HAL_CAN_RxFifo0MsgPendingCallback  can_receive.o
    0x08000ef8   0x08000ef8   0x00000002   Code   RO          652    i.HAL_CAN_RxFifo1FullCallback  stm32f4xx_hal_can.o
    0x08000efa   0x08000efa   0x00000002   Code   RO          653    i.HAL_CAN_RxFifo1MsgPendingCallback  stm32f4xx_hal_can.o
    0x08000efc   0x08000efc   0x00000002   Code   RO          654    i.HAL_CAN_SleepCallback  stm32f4xx_hal_can.o
    0x08000efe   0x08000efe   0x0000005e   Code   RO          655    i.HAL_CAN_Start     stm32f4xx_hal_can.o
    0x08000f5c   0x08000f5c   0x00000002   Code   RO          657    i.HAL_CAN_TxMailbox0AbortCallback  stm32f4xx_hal_can.o
    0x08000f5e   0x08000f5e   0x00000002   Code   RO          658    i.HAL_CAN_TxMailbox0CompleteCallback  stm32f4xx_hal_can.o
    0x08000f60   0x08000f60   0x00000002   Code   RO          659    i.HAL_CAN_TxMailbox1AbortCallback  stm32f4xx_hal_can.o
    0x08000f62   0x08000f62   0x00000002   Code   RO          660    i.HAL_CAN_TxMailbox1CompleteCallback  stm32f4xx_hal_can.o
    0x08000f64   0x08000f64   0x00000002   Code   RO          661    i.HAL_CAN_TxMailbox2AbortCallback  stm32f4xx_hal_can.o
    0x08000f66   0x08000f66   0x00000002   Code   RO          662    i.HAL_CAN_TxMailbox2CompleteCallback  stm32f4xx_hal_can.o
    0x08000f68   0x08000f68   0x00000002   Code   RO          664    i.HAL_CAN_WakeUpFromRxMsgCallback  stm32f4xx_hal_can.o
    0x08000f6a   0x08000f6a   0x000000ac   Code   RO         1427    i.HAL_DMA_Abort     stm32f4xx_hal_dma.o
    0x08001016   0x08001016   0x00000028   Code   RO         1428    i.HAL_DMA_Abort_IT  stm32f4xx_hal_dma.o
    0x0800103e   0x0800103e   0x00000002   PAD
    0x08001040   0x08001040   0x00000028   Code   RO         1887    i.HAL_Delay         stm32f4xx_hal.o
    0x08001068   0x08001068   0x00000210   Code   RO         1320    i.HAL_GPIO_Init     stm32f4xx_hal_gpio.o
    0x08001278   0x08001278   0x00000010   Code   RO         1322    i.HAL_GPIO_ReadPin  stm32f4xx_hal_gpio.o
    0x08001288   0x08001288   0x0000000c   Code   RO         1895    i.HAL_GetTick       stm32f4xx_hal.o
    0x08001294   0x08001294   0x00000018   Code   RO         1901    i.HAL_IncTick       stm32f4xx_hal.o
    0x080012ac   0x080012ac   0x0000003c   Code   RO         1902    i.HAL_Init          stm32f4xx_hal.o
    0x080012e8   0x080012e8   0x0000004c   Code   RO         1903    i.HAL_InitTick      stm32f4xx_hal.o
    0x08001334   0x08001334   0x00000048   Code   RO          605    i.HAL_MspInit       stm32f4xx_hal_msp.o
    0x0800137c   0x0800137c   0x00000028   Code   RO         1730    i.HAL_NVIC_EnableIRQ  stm32f4xx_hal_cortex.o
    0x080013a4   0x080013a4   0x0000007c   Code   RO         1736    i.HAL_NVIC_SetPriority  stm32f4xx_hal_cortex.o
    0x08001420   0x08001420   0x00000028   Code   RO         1737    i.HAL_NVIC_SetPriorityGrouping  stm32f4xx_hal_cortex.o
    0x08001448   0x08001448   0x00000184   Code   RO          864    i.HAL_RCC_ClockConfig  stm32f4xx_hal_rcc.o
    0x080015cc   0x080015cc   0x0000000c   Code   RO          869    i.HAL_RCC_GetHCLKFreq  stm32f4xx_hal_rcc.o
    0x080015d8   0x080015d8   0x00000020   Code   RO          871    i.HAL_RCC_GetPCLK1Freq  stm32f4xx_hal_rcc.o
    0x080015f8   0x080015f8   0x00000020   Code   RO          872    i.HAL_RCC_GetPCLK2Freq  stm32f4xx_hal_rcc.o
    0x08001618   0x08001618   0x000000b0   Code   RO          873    i.HAL_RCC_GetSysClockFreq  stm32f4xx_hal_rcc.o
    0x080016c8   0x080016c8   0x0000049c   Code   RO          876    i.HAL_RCC_OscConfig  stm32f4xx_hal_rcc.o
    0x08001b64   0x08001b64   0x00000034   Code   RO         1741    i.HAL_SYSTICK_Config  stm32f4xx_hal_cortex.o
    0x08001b98   0x08001b98   0x00000002   Code   RO         2867    i.HAL_TIMEx_BreakCallback  stm32f4xx_hal_tim_ex.o
    0x08001b9a   0x08001b9a   0x00000002   Code   RO         2868    i.HAL_TIMEx_CommutCallback  stm32f4xx_hal_tim_ex.o
    0x08001b9c   0x08001b9c   0x000000b4   Code   RO         2886    i.HAL_TIMEx_MasterConfigSynchronization  stm32f4xx_hal_tim_ex.o
    0x08001c50   0x08001c50   0x00000066   Code   RO         2152    i.HAL_TIM_Base_Init  stm32f4xx_hal_tim.o
    0x08001cb6   0x08001cb6   0x00000002   PAD
    0x08001cb8   0x08001cb8   0x00000044   Code   RO          375    i.HAL_TIM_Base_MspInit  tim.o
    0x08001cfc   0x08001cfc   0x000000a8   Code   RO         2157    i.HAL_TIM_Base_Start_IT  stm32f4xx_hal_tim.o
    0x08001da4   0x08001da4   0x0000010c   Code   RO         2161    i.HAL_TIM_ConfigClockSource  stm32f4xx_hal_tim.o
    0x08001eb0   0x08001eb0   0x00000002   Code   RO         2186    i.HAL_TIM_IC_CaptureCallback  stm32f4xx_hal_tim.o
    0x08001eb2   0x08001eb2   0x0000016c   Code   RO         2200    i.HAL_TIM_IRQHandler  stm32f4xx_hal_tim.o
    0x0800201e   0x0800201e   0x00000002   Code   RO         2203    i.HAL_TIM_OC_DelayElapsedCallback  stm32f4xx_hal_tim.o
    0x08002020   0x08002020   0x00000002   Code   RO         2230    i.HAL_TIM_PWM_PulseFinishedCallback  stm32f4xx_hal_tim.o
    0x08002022   0x08002022   0x00000002   PAD
    0x08002024   0x08002024   0x000000ac   Code   RO          467    i.HAL_TIM_PeriodElapsedCallback  stm32f4xx_it.o
    0x080020d0   0x080020d0   0x00000002   Code   RO         2243    i.HAL_TIM_TriggerCallback  stm32f4xx_hal_tim.o
    0x080020d2   0x080020d2   0x00000002   Code   RO         3146    i.HAL_UARTEx_RxEventCallback  stm32f4xx_hal_uart.o
    0x080020d4   0x080020d4   0x00000002   Code   RO         3160    i.HAL_UART_ErrorCallback  stm32f4xx_hal_uart.o
    0x080020d6   0x080020d6   0x00000002   PAD
    0x080020d8   0x080020d8   0x00000308   Code   RO         3163    i.HAL_UART_IRQHandler  stm32f4xx_hal_uart.o
    0x080023e0   0x080023e0   0x00000076   Code   RO         3164    i.HAL_UART_Init     stm32f4xx_hal_uart.o
    0x08002456   0x08002456   0x00000002   PAD
    0x08002458   0x08002458   0x00000120   Code   RO          417    i.HAL_UART_MspInit  usart.o
    0x08002578   0x08002578   0x0000002c   Code   RO         3169    i.HAL_UART_Receive_IT  stm32f4xx_hal_uart.o
    0x080025a4   0x080025a4   0x00000048   Code   RO          468    i.HAL_UART_RxCpltCallback  stm32f4xx_it.o
    0x080025ec   0x080025ec   0x000000be   Code   RO         3172    i.HAL_UART_Transmit  stm32f4xx_hal_uart.o
    0x080026aa   0x080026aa   0x00000002   Code   RO         3175    i.HAL_UART_TxCpltCallback  stm32f4xx_hal_uart.o
    0x080026ac   0x080026ac   0x00000004   Code   RO          469    i.HardFault_Handler  stm32f4xx_it.o
    0x080026b0   0x080026b0   0x00000044   Code   RO          327    i.MX_CAN1_Init      can.o
    0x080026f4   0x080026f4   0x00000044   Code   RO          328    i.MX_CAN2_Init      can.o
    0x08002738   0x08002738   0x000000e4   Code   RO          205    i.MX_GPIO_Init      gpio.o
    0x0800281c   0x0800281c   0x0000006c   Code   RO          376    i.MX_TIM2_Init      tim.o
    0x08002888   0x08002888   0x00000038   Code   RO          418    i.MX_UART7_Init     usart.o
    0x080028c0   0x080028c0   0x00000038   Code   RO          419    i.MX_USART6_UART_Init  usart.o
    0x080028f8   0x080028f8   0x00000004   Code   RO          470    i.MemManage_Handler  stm32f4xx_it.o
    0x080028fc   0x080028fc   0x00000004   Code   RO          471    i.NMI_Handler       stm32f4xx_it.o
    0x08002900   0x08002900   0x00000002   Code   RO          472    i.PendSV_Handler    stm32f4xx_it.o
    0x08002902   0x08002902   0x00000002   PAD
    0x08002904   0x08002904   0x00000024   Code   RO         3924    i.STP23L_Init       stp_23l.o
    0x08002928   0x08002928   0x000003d8   Code   RO         3925    i.STP23L_RxCallback  stp_23l.o
    0x08002d00   0x08002d00   0x00000002   Code   RO          473    i.SVC_Handler       stm32f4xx_it.o
    0x08002d02   0x08002d02   0x00000008   Code   RO          474    i.SysTick_Handler   stm32f4xx_it.o
    0x08002d0a   0x08002d0a   0x00000002   PAD
    0x08002d0c   0x08002d0c   0x000000b4   Code   RO           14    i.SystemClock_Config  main.o
    0x08002dc0   0x08002dc0   0x00000014   Code   RO         3508    i.SystemInit        system_stm32f4xx.o
    0x08002dd4   0x08002dd4   0x00000010   Code   RO          475    i.TIM2_IRQHandler   stm32f4xx_it.o
    0x08002de4   0x08002de4   0x000000e0   Code   RO         2245    i.TIM_Base_SetConfig  stm32f4xx_hal_tim.o
    0x08002ec4   0x08002ec4   0x00000016   Code   RO         2256    i.TIM_ETR_SetConfig  stm32f4xx_hal_tim.o
    0x08002eda   0x08002eda   0x00000012   Code   RO         2257    i.TIM_ITRx_SetConfig  stm32f4xx_hal_tim.o
    0x08002eec   0x08002eec   0x00000026   Code   RO         2263    i.TIM_TI1_ConfigInputStage  stm32f4xx_hal_tim.o
    0x08002f12   0x08002f12   0x00000028   Code   RO         2265    i.TIM_TI2_ConfigInputStage  stm32f4xx_hal_tim.o
    0x08002f3a   0x08002f3a   0x00000002   PAD
    0x08002f3c   0x08002f3c   0x00000010   Code   RO          476    i.UART7_IRQHandler  stm32f4xx_it.o
    0x08002f4c   0x08002f4c   0x00000012   Code   RO         3177    i.UART_DMAAbortOnError  stm32f4xx_hal_uart.o
    0x08002f5e   0x08002f5e   0x0000006c   Code   RO         3187    i.UART_EndRxTransfer  stm32f4xx_hal_uart.o
    0x08002fca   0x08002fca   0x00000020   Code   RO         3188    i.UART_EndTransmit_IT  stm32f4xx_hal_uart.o
    0x08002fea   0x08002fea   0x000000fc   Code   RO         3190    i.UART_Receive_IT   stm32f4xx_hal_uart.o
    0x080030e6   0x080030e6   0x00000002   PAD
    0x080030e8   0x080030e8   0x0000022c   Code   RO         3191    i.UART_SetConfig    stm32f4xx_hal_uart.o
    0x08003314   0x08003314   0x00000040   Code   RO         3193    i.UART_Start_Receive_IT  stm32f4xx_hal_uart.o
    0x08003354   0x08003354   0x00000060   Code   RO         3194    i.UART_Transmit_IT  stm32f4xx_hal_uart.o
    0x080033b4   0x080033b4   0x0000008c   Code   RO         3195    i.UART_WaitOnFlagUntilTimeout  stm32f4xx_hal_uart.o
    0x08003440   0x08003440   0x00000010   Code   RO          477    i.USART6_IRQHandler  stm32f4xx_it.o
    0x08003450   0x08003450   0x00000004   Code   RO          478    i.UsageFault_Handler  stm32f4xx_it.o
    0x08003454   0x08003454   0x00000026   Code   RO         4073    i.__ARM_fpclassifyf  m_wm.l(fpclassifyf.o)
    0x0800347a   0x0800347a   0x00000002   PAD
    0x0800347c   0x0800347c   0x00000010   Code   RO         1743    i.__NVIC_GetPriorityGrouping  stm32f4xx_hal_cortex.o
    0x0800348c   0x0800348c   0x00000028   Code   RO         1744    i.__NVIC_SetPriority  stm32f4xx_hal_cortex.o
    0x080034b4   0x080034b4   0x00000150   Code   RO         4029    i.__hardfp_cosf     m_wm.l(cosf.o)
    0x08003604   0x08003604   0x00000190   Code   RO         4041    i.__hardfp_sinf     m_wm.l(sinf.o)
    0x08003794   0x08003794   0x0000003a   Code   RO         4053    i.__hardfp_sqrtf    m_wm.l(sqrtf.o)
    0x080037ce   0x080037ce   0x00000006   Code   RO         4076    i.__mathlib_flt_infnan  m_wm.l(funder.o)
    0x080037d4   0x080037d4   0x00000010   Code   RO         4078    i.__mathlib_flt_invalid  m_wm.l(funder.o)
    0x080037e4   0x080037e4   0x00000010   Code   RO         4081    i.__mathlib_flt_underflow  m_wm.l(funder.o)
    0x080037f4   0x080037f4   0x00000154   Code   RO         4089    i.__mathlib_rredf2  m_wm.l(rredf.o)
    0x08003948   0x08003948   0x0000010c   Code   RO         3829    i.angle_controller  pid.o
    0x08003a54   0x08003a54   0x0000004c   Code   RO         3830    i.angle_controller_init  pid.o
    0x08003aa0   0x08003aa0   0x0000005c   Code   RO         3994    i.can_filter_init   bsp_can.o
    0x08003afc   0x08003afc   0x00000050   Code   RO         3926    i.data_process      stp_23l.o
    0x08003b4c   0x08003b4c   0x00000018   Code   RO         3548    i.get_chassis_motor_measure_point  can_receive.o
    0x08003b64   0x08003b64   0x000000d8   Code   RO         3651    i.hwt101_ReceiveData  hwt101.o
    0x08003c3c   0x08003c3c   0x0000004c   Code   RO         3652    i.hwt101_restart    hwt101.o
    0x08003c88   0x08003c88   0x00000690   Code   RO           15    i.main              main.o
    0x08004318   0x08004318   0x0000004c   Code   RO         3694    i.mecanum_calculate_wheel_speed  mecanum_control.o
    0x08004364   0x08004364   0x0000012c   Code   RO         3552    i.mecanum_ecd_distance  can_receive.o
    0x08004490   0x08004490   0x00000078   Code   RO         3695    i.mecanum_init      mecanum_control.o
    0x08004508   0x08004508   0x00000030   Code   RO         3704    i.mecanum_stop      mecanum_control.o
    0x08004538   0x08004538   0x0000018c   Code   RO         3705    i.move_angle        mecanum_control.o
    0x080046c4   0x080046c4   0x00000144   Code   RO         3706    i.move_x            mecanum_control.o
    0x08004808   0x08004808   0x00000208   Code   RO         3707    i.move_y            mecanum_control.o
    0x08004a10   0x08004a10   0x00000016   Code   RO         3835    i.set_angle_pid     pid.o
    0x08004a26   0x08004a26   0x00000002   PAD
    0x08004a28   0x08004a28   0x00000054   Code   RO         3836    i.set_error         pid.o
    0x08004a7c   0x08004a7c   0x0000001a   Code   RO         3837    i.set_speed_pid     pid.o
    0x08004a96   0x08004a96   0x00000002   PAD
    0x08004a98   0x08004a98   0x0000004c   Code   RO         3838    i.set_target_angle  pid.o
    0x08004ae4   0x08004ae4   0x000003f8   Code   RO         3708    i.set_target_move_to_target  mecanum_control.o
    0x08004edc   0x08004edc   0x0000038c   Code   RO         3709    i.set_target_move_to_target_up  mecanum_control.o
    0x08005268   0x08005268   0x00000034   Code   RO         3653    i.set_yaw           hwt101.o
    0x0800529c   0x0800529c   0x0000012c   Code   RO         3839    i.speed_pid_control  pid.o
    0x080053c8   0x080053c8   0x0000004c   Code   RO         3840    i.speed_pid_init    pid.o
    0x08005414   0x08005414   0x0000000a   Code   RO         4199    x$fpl$fpinit        fz_wm.l(fpinit.o)
    0x0800541e   0x0800541e   0x00000000   Code   RO         4072    x$fpl$usenofp       fz_wm.l(usenofp.o)
    0x0800541e   0x0800541e   0x00000018   Data   RO         3509    .constdata          system_stm32f4xx.o
    0x08005436   0x08005436   0x00000002   PAD
    0x08005438   0x08005438   0x00000020   Data   RO         4090    .constdata          m_wm.l(rredf.o)
    0x08005458   0x08005458   0x00000020   Data   RO         4255    Region$$Table       anon$$obj.o


    Execution Region RW_IRAM2 (Exec base: 0x10000000, Load base: 0x08005538, Size: 0x00000000, Max: 0x00010000, ABSOLUTE)

    **** No section assigned to this execution region ****


    Execution Region RW_IRAM1 (Exec base: 0x20000000, Load base: 0x08005478, Size: 0x00000db8, Max: 0x00030000, ABSOLUTE)

    Exec Addr    Load Addr    Size         Type   Attr      Idx    E Section Name        Object

    0x20000000   0x08005478   0x00000010   Data   RW           17    .data               main.o
    0x20000010   0x08005488   0x00000004   Data   RW          330    .data               can.o
    0x20000014   0x0800548c   0x00000002   Data   RW          479    .data               stm32f4xx_it.o
    0x20000016   0x0800548e   0x00000002   PAD
    0x20000018   0x08005490   0x00000009   Data   RW         1909    .data               stm32f4xx_hal.o
    0x20000021   0x08005499   0x00000003   PAD
    0x20000024   0x0800549c   0x00000004   Data   RW         3510    .data               system_stm32f4xx.o
    0x20000028   0x080054a0   0x0000001d   Data   RW         3554    .data               can_receive.o
    0x20000045   0x080054bd   0x00000003   PAD
    0x20000048   0x080054c0   0x00000008   Data   RW         3655    .data               hwt101.o
    0x20000050   0x080054c8   0x00000064   Data   RW         3711    .data               mecanum_control.o
    0x200000b4   0x0800552c   0x00000009   Data   RW         3928    .data               stp_23l.o
    0x200000bd   0x08005535   0x00000003   PAD
    0x200000c0        -       0x0000000c   Zero   RW           16    .bss                main.o
    0x200000cc        -       0x00000050   Zero   RW          329    .bss                can.o
    0x2000011c        -       0x00000048   Zero   RW          377    .bss                tim.o
    0x20000164        -       0x00000090   Zero   RW          420    .bss                usart.o
    0x200001f4        -       0x00000078   Zero   RW         3553    .bss                can_receive.o
    0x2000026c        -       0x0000000b   Zero   RW         3654    .bss                hwt101.o
    0x20000277   0x08005535   0x00000001   PAD
    0x20000278        -       0x00000078   Zero   RW         3710    .bss                mecanum_control.o
    0x200002f0        -       0x00000374   Zero   RW         3841    .bss                pid.o
    0x20000664        -       0x000000f0   Zero   RW         3927    .bss                stp_23l.o
    0x20000754        -       0x00000060   Zero   RW         4115    .bss                c_w.l(libspace.o)
    0x200007b4   0x08005535   0x00000004   PAD
    0x200007b8        -       0x00000200   Zero   RW            2    HEAP                startup_stm32f427xx.o
    0x200009b8        -       0x00000400   Zero   RW            1    STACK               startup_stm32f427xx.o


==============================================================================

Image component sizes


      Code (inc. data)   RO Data    RW Data    ZI Data      Debug   Object Name

        92          8          0          0          0        570   bsp_can.o
       476         46          0          4         80       2362   can.o
       636         68          0         29        120       6493   can_receive.o
       228          8          0          0          0     748231   gpio.o
       344         56          0          8         11       2466   hwt101.o
      1866        208          0         16         12     706444   main.o
      3408        300          0        100        120      13392   mecanum_control.o
       928         50          0          0        884       7639   pid.o
        64         26        428          0       1536        840   startup_stm32f427xx.o
       212         36          0          9          0       9513   stm32f4xx_hal.o
      2144          4          0          0          0      14327   stm32f4xx_hal_can.o
       312         22          0          0          0      34315   stm32f4xx_hal_cortex.o
       212          0          0          0          0       1943   stm32f4xx_hal_dma.o
       544         54          0          0          0       2139   stm32f4xx_hal_gpio.o
        72          4          0          0          0        826   stm32f4xx_hal_msp.o
      1820         84          0          0          0       5612   stm32f4xx_hal_rcc.o
      1252         76          0          0          0       9787   stm32f4xx_hal_tim.o
       184         30          0          0          0       2517   stm32f4xx_hal_tim_ex.o
      2400         14          0          0          0      12492   stm32f4xx_hal_uart.o
       342         56          0          2          0       8753   stm32f4xx_it.o
      1100         80          0          9        240       3400   stp_23l.o
        20          6         24          4          0       1095   system_stm32f4xx.o
       176         10          0          0         72       1642   tim.o
       400         40          0          0        144       2305   usart.o

    ----------------------------------------------------------------------
     19258       1286        486        192       3220    1599103   Object Totals
         0          0         32          0          0          0   (incl. Generated)
        26          0          2         11          1          0   (incl. Padding)

    ----------------------------------------------------------------------

      Code (inc. data)   RO Data    RW Data    ZI Data      Debug   Library Member Name

         8          0          0          0          0         68   __main.o
         0          0          0          0          0          0   __rtentry.o
        12          0          0          0          0          0   __rtentry2.o
         6          0          0          0          0          0   __rtentry4.o
        52          8          0          0          0          0   __scatter.o
        26          0          0          0          0          0   __scatter_copy.o
        28          0          0          0          0          0   __scatter_zi.o
        22          0          0          0          0        100   _rserrno.o
        18          0          0          0          0         80   exit.o
         6          0          0          0          0        152   heapauxi.o
         0          0          0          0          0          0   indicate_semi.o
         2          0          0          0          0          0   libinit.o
         6          0          0          0          0          0   libinit2.o
         2          0          0          0          0          0   libshutdown.o
         2          0          0          0          0          0   libshutdown2.o
         8          4          0          0         96         68   libspace.o
       238          0          0          0          0        100   lludivv7m.o
         8          4          0          0          0         68   rt_errno_addr_intlibspace.o
        78          0          0          0          0         80   rt_memclr_w.o
         2          0          0          0          0          0   rtexit.o
        10          0          0          0          0          0   rtexit2.o
        12          4          0          0          0         68   sys_exit.o
        74          0          0          0          0         80   sys_stackheap_outer.o
         2          0          0          0          0         68   use_no_semi.o
        10          0          0          0          0        116   fpinit.o
         0          0          0          0          0          0   usenofp.o
       336         56          0          0          0        136   cosf.o
        38          0          0          0          0        116   fpclassifyf.o
        38         12          0          0          0        348   funder.o
       340         24         32          0          0        160   rredf.o
       400         56          0          0          0        212   sinf.o
        58          0          0          0          0        136   sqrtf.o

    ----------------------------------------------------------------------
      1848        168         32          0        100       2156   Library Totals
         6          0          0          0          4          0   (incl. Padding)

    ----------------------------------------------------------------------

      Code (inc. data)   RO Data    RW Data    ZI Data      Debug   Library Name

       622         20          0          0         96        932   c_w.l
        10          0          0          0          0        116   fz_wm.l
      1210        148         32          0          0       1108   m_wm.l

    ----------------------------------------------------------------------
      1848        168         32          0        100       2156   Library Totals

    ----------------------------------------------------------------------

==============================================================================


      Code (inc. data)   RO Data    RW Data    ZI Data      Debug   

     21106       1454        518        192       3320    1588995   Grand Totals
     21106       1454        518        192       3320    1588995   ELF Image Totals
     21106       1454        518        192          0          0   ROM Totals

==============================================================================

    Total RO  Size (Code + RO Data)                21624 (  21.12kB)
    Total RW  Size (RW Data + ZI Data)              3512 (   3.43kB)
    Total ROM Size (Code + RO Data + RW Data)      21816 (  21.30kB)

==============================================================================

